2026-04-29 21:27:09,262 [INFO] root: config = config/scenario_local_startup.yaml
2026-04-29 21:27:09,262 [INFO] root: output_dir = output/phase3-3_local_startup
2026-04-29 21:27:09,278 [INFO] src.simulation: random_seed = 42 に固定
2026-04-29 21:27:09,278 [INFO] src.simulation: World initialized: 2 place(s) ['main_office', 'meeting_room'] (types: ['office', 'meeting'])
2026-04-29 21:27:09,278 [INFO] src.simulation: Environment: economy=bad -> "現在、景気は悪く、予算・雇用に緊張感がある。"
2026-04-29 21:27:09,278 [INFO] src.simulation: WorldLaws: comm_radius=8.0, overrides={'meeting_room': 5.0}, cognitive_limit=10
2026-04-29 21:27:09,278 [INFO] src.simulation: Starting simulation...
2026-04-29 21:27:11,344 [INFO] src.simulation: Initializing 5 agents (placement=random_in_place)...
2026-04-29 21:27:11,344 [INFO] src.simulation: Personas generated: 5 agents (地方 × スタートアップ)
2026-04-29 21:27:11,344 [INFO] src.simulation: Agents initialized
2026-04-29 21:27:27,746 [INFO] src.simulation: Step 1: Agent 0 -> 2 nearby: "Hello team! I noticed that we are currently below our capacity with only half of us here. Let's stay connected and support each other during these challenging times."
2026-04-29 21:27:27,746 [INFO] src.agent.agent: Agent 2 received message from Agent 0: "Hello team! I noticed that we are currently below our capacity with only half of us here. Let's stay connected and support each other during these challenging times."
2026-04-29 21:27:27,750 [INFO] src.agent.agent: Agent 3 received message from Agent 0: "Hello team! I noticed that we are currently below our capacity with only half of us here. Let's stay connected and support each other during these challenging times."
2026-04-29 21:27:27,751 [INFO] src.simulation: Step 1: Agent 1 -> 3 nearby: "こんにちは、皆様。今日の状況について少し話しましょう。景気はまだ厳しいですが、チーム一丸となって乗り越えていきましょう。何か助けが必要なことがあればお知らせください。"
2026-04-29 21:27:27,751 [INFO] src.agent.agent: Agent 2 received message from Agent 1: "こんにちは、皆様。今日の状況について少し話しましょう。景気はまだ厳しいですが、チーム一丸となって乗り越えていきましょう。何か助けが必要なことがあればお知らせください。"
2026-04-29 21:27:27,751 [INFO] src.agent.agent: Agent 3 received message from Agent 1: "こんにちは、皆様。今日の状況について少し話しましょう。景気はまだ厳しいですが、チーム一丸となって乗り越えていきましょう。何か助けが必要なことがあればお知らせください。"
2026-04-29 21:27:27,752 [INFO] src.agent.agent: Agent 4 received message from Agent 1: "こんにちは、皆様。今日の状況について少し話しましょう。景気はまだ厳しいですが、チーム一丸となって乗り越えていきましょう。何か助けが必要なことがあればお知らせください。"
2026-04-29 21:27:27,752 [INFO] src.simulation: Step 1: Agent 2 -> 4 nearby: "こんにちは、皆様。今日の状況は厳しいですね。予算と雇用が心配です。何か助けになれることがありましたら、お知らせください。"
2026-04-29 21:27:27,753 [INFO] src.agent.agent: Agent 0 received message from Agent 2: "こんにちは、皆様。今日の状況は厳しいですね。予算と雇用が心配です。何か助けになれることがありましたら、お知らせください。"
2026-04-29 21:27:27,753 [INFO] src.agent.agent: Agent 1 received message from Agent 2: "こんにちは、皆様。今日の状況は厳しいですね。予算と雇用が心配です。何か助けになれることがありましたら、お知らせください。"
2026-04-29 21:27:27,753 [INFO] src.agent.agent: Agent 3 received message from Agent 2: "こんにちは、皆様。今日の状況は厳しいですね。予算と雇用が心配です。何か助けになれることがありましたら、お知らせください。"
2026-04-29 21:27:27,753 [INFO] src.agent.agent: Agent 4 received message from Agent 2: "こんにちは、皆様。今日の状況は厳しいですね。予算と雇用が心配です。何か助けになれることがありましたら、お知らせください。"
2026-04-29 21:27:27,754 [INFO] src.simulation: Step 1: Agent 3 -> 3 nearby: "大家好，最近公司的情况有些艰难。希望我们能一起努力，互相帮助，共同度过这个阶段。"
2026-04-29 21:27:27,756 [INFO] src.agent.agent: Agent 0 received message from Agent 3: "大家好，最近公司的情况有些艰难。希望我们能一起努力，互相帮助，共同度过这个阶段。"
2026-04-29 21:27:27,757 [INFO] src.agent.agent: Agent 1 received message from Agent 3: "大家好，最近公司的情况有些艰难。希望我们能一起努力，互相帮助，共同度过这个阶段。"
2026-04-29 21:27:27,758 [INFO] src.agent.agent: Agent 2 received message from Agent 3: "大家好，最近公司的情况有些艰难。希望我们能一起努力，互相帮助，共同度过这个阶段。"
2026-04-29 21:27:27,759 [INFO] src.simulation: Step 1: Agent 4 -> 2 nearby: "こんにちは、皆様。現在のところ、会社全体の状況はまだ厳しいですが、私たちは一丸となって乗り越えていかなければなりません。お互いに支え合って頑張りましょう。"
2026-04-29 21:27:27,759 [INFO] src.agent.agent: Agent 1 received message from Agent 4: "こんにちは、皆様。現在のところ、会社全体の状況はまだ厳しいですが、私たちは一丸となって乗り越えていかなければなりません。お互いに支え合って頑張りましょう。"
2026-04-29 21:27:27,759 [INFO] src.agent.agent: Agent 2 received message from Agent 4: "こんにちは、皆様。現在のところ、会社全体の状況はまだ厳しいですが、私たちは一丸となって乗り越えていかなければなりません。お互いに支え合って頑張りましょう。"
2026-04-29 21:28:02,667 [INFO] src.simulation: Step 2: Agent 0 -> 2 nearby: "大家好，我注意到目前办公室的人员配置只有平时的一半。我希望我们能团结一心，互相帮助和支持。公司现在面临一些挑战，特别是在预算和雇佣方面。如果你们有任何需要帮忙的地方或想法，请随时告诉我。"
2026-04-29 21:28:02,668 [INFO] src.agent.agent: Agent 2 received message from Agent 0: "大家好，我注意到目前办公室的人员配置只有平时的一半。我希望我们能团结一心，互相帮助和支持。公司现在面临一些挑战，特别是在预算和雇佣方面。如果你们有任何需要帮忙的地方或想法，请随时告诉我。"
2026-04-29 21:28:02,669 [INFO] src.agent.agent: Agent 3 received message from Agent 0: "大家好，我注意到目前办公室的人员配置只有平时的一半。我希望我们能团结一心，互相帮助和支持。公司现在面临一些挑战，特别是在预算和雇佣方面。如果你们有任何需要帮忙的地方或想法，请随时告诉我。"
2026-04-29 21:28:02,670 [INFO] src.simulation: Step 2: Agent 1 -> 2 nearby: "こんにちは、皆様。最近の状況は厳しいですね。予算と雇用問題について少し考えたのですが，チーム内で情報共有を深めることで，より効果的な解決策が浮かぶかもしれません。一緒に考えてみましょう。"
2026-04-29 21:28:02,670 [INFO] src.agent.agent: Agent 2 received message from Agent 1: "こんにちは、皆様。最近の状況は厳しいですね。予算と雇用問題について少し考えたのですが，チーム内で情報共有を深めることで，より効果的な解決策が浮かぶかもしれません。一緒に考えてみましょう。"
2026-04-29 21:28:02,671 [INFO] src.agent.agent: Agent 3 received message from Agent 1: "こんにちは、皆様。最近の状況は厳しいですね。予算と雇用問題について少し考えたのですが，チーム内で情報共有を深めることで，より効果的な解決策が浮かぶかもしれません。一緒に考えてみましょう。"
2026-04-29 21:28:02,671 [INFO] src.simulation: Step 2: Agent 2 -> 4 nearby: "こんにちは、皆様。最近の状況は厳しいですが、チーム一丸となって乗り越えていきましょう。特に今日は少し具体的な行動について話せば良いかと思います。まずは，今日の会議での目標とアジェンダについて共有しましょう。また，各人の負担を分かち合い、必要な支援があれば一緒に考えましょう。"
2026-04-29 21:28:02,671 [INFO] src.agent.agent: Agent 0 received message from Agent 2: "こんにちは、皆様。最近の状況は厳しいですが、チーム一丸となって乗り越えていきましょう。特に今日は少し具体的な行動について話せば良いかと思います。まずは，今日の会議での目標とアジェンダについて共有しましょう。また，各人の負担を分かち合い、必要な支援があれば一緒に考えましょう。"
2026-04-29 21:28:02,672 [INFO] src.agent.agent: Agent 1 received message from Agent 2: "こんにちは、皆様。最近の状況は厳しいですが、チーム一丸となって乗り越えていきましょう。特に今日は少し具体的な行動について話せば良いかと思います。まずは，今日の会議での目標とアジェンダについて共有しましょう。また，各人の負担を分かち合い、必要な支援があれば一緒に考えましょう。"
2026-04-29 21:28:02,672 [INFO] src.agent.agent: Agent 3 received message from Agent 2: "こんにちは、皆様。最近の状況は厳しいですが、チーム一丸となって乗り越えていきましょう。特に今日は少し具体的な行動について話せば良いかと思います。まずは，今日の会議での目標とアジェンダについて共有しましょう。また，各人の負担を分かち合い、必要な支援があれば一緒に考えましょう。"
2026-04-29 21:28:02,673 [INFO] src.agent.agent: Agent 4 received message from Agent 2: "こんにちは、皆様。最近の状況は厳しいですが、チーム一丸となって乗り越えていきましょう。特に今日は少し具体的な行動について話せば良いかと思います。まずは，今日の会議での目標とアジェンダについて共有しましょう。また，各人の負担を分かち合い、必要な支援があれば一緒に考えましょう。"
2026-04-29 21:28:02,673 [INFO] src.simulation: Step 2: Agent 3 -> 3 nearby: "こんにちは、チーム！今日の状況は厳しいですね。景気が低迷している中で、私たちが持てる支援をもっと共有していきましょう。何か助けが必要なことがあればお知らせください。"
2026-04-29 21:28:02,673 [INFO] src.agent.agent: Agent 0 received message from Agent 3: "こんにちは、チーム！今日の状況は厳しいですね。景気が低迷している中で、私たちが持てる支援をもっと共有していきましょう。何か助けが必要なことがあればお知らせください。"
2026-04-29 21:28:02,674 [INFO] src.agent.agent: Agent 1 received message from Agent 3: "こんにちは、チーム！今日の状況は厳しいですね。景気が低迷している中で、私たちが持てる支援をもっと共有していきましょう。何か助けが必要なことがあればお知らせください。"
2026-04-29 21:28:02,674 [INFO] src.agent.agent: Agent 2 received message from Agent 3: "こんにちは、チーム！今日の状況は厳しいですね。景気が低迷している中で、私たちが持てる支援をもっと共有していきましょう。何か助けが必要なことがあればお知らせください。"
2026-04-29 21:28:02,675 [INFO] src.simulation: Step 2: Agent 4 -> 1 nearby: "こんにちは、皆様。今日の状況について少し話します。予算と雇用面で厳しい状況ですが、チーム一丸となって乗り越えていきましょう。私自身も日々課題に直面していますが、一緒に考え合い助け合って進めていくことが大切だなと感じています。"
2026-04-29 21:28:02,675 [INFO] src.agent.agent: Agent 2 received message from Agent 4: "こんにちは、皆様。今日の状況について少し話します。予算と雇用面で厳しい状況ですが、チーム一丸となって乗り越えていきましょう。私自身も日々課題に直面していますが、一緒に考え合い助け合って進めていくことが大切だなと感じています。"
2026-04-29 21:28:38,123 [INFO] src.simulation: Step 3: Agent 0 -> 2 nearby: "こんにちは、皆様。最近の状況は厳しいですね。私たちが持てるサポートをもっと共有していきましょう。特に今日は会議の目標とアジェンダについて共有し、各人の負担を理解しながら必要な支援があれば一緒に考えましょう。"
2026-04-29 21:28:38,123 [INFO] src.agent.agent: Agent 2 received message from Agent 0: "こんにちは、皆様。最近の状況は厳しいですね。私たちが持てるサポートをもっと共有していきましょう。特に今日は会議の目標とアジェンダについて共有し、各人の負担を理解しながら必要な支援があれば一緒に考えましょう。"
2026-04-29 21:28:38,123 [INFO] src.agent.agent: Agent 3 received message from Agent 0: "こんにちは、皆様。最近の状況は厳しいですね。私たちが持てるサポートをもっと共有していきましょう。特に今日は会議の目標とアジェンダについて共有し、各人の負担を理解しながら必要な支援があれば一緒に考えましょう。"
2026-04-29 21:28:38,124 [INFO] src.simulation: Step 3: Agent 1 -> 2 nearby: "こんにちは、皆様。厳しい状況下で、チームの一丸となり取り組むことが重要だと感じています。今日の会議での目標とアジェンダについて共有し、各人の負担を理解しながら適切な支援を提供しましょう。また，具体的な行動計画も一緒に考えていきましょう。"
2026-04-29 21:28:38,124 [INFO] src.agent.agent: Agent 2 received message from Agent 1: "こんにちは、皆様。厳しい状況下で、チームの一丸となり取り組むことが重要だと感じています。今日の会議での目標とアジェンダについて共有し、各人の負担を理解しながら適切な支援を提供しましょう。また，具体的な行動計画も一緒に考えていきましょう。"
2026-04-29 21:28:38,125 [INFO] src.agent.agent: Agent 3 received message from Agent 1: "こんにちは、皆様。厳しい状況下で、チームの一丸となり取り組むことが重要だと感じています。今日の会議での目標とアジェンダについて共有し、各人の負担を理解しながら適切な支援を提供しましょう。また，具体的な行動計画も一緒に考えていきましょう。"
2026-04-29 21:28:38,125 [INFO] src.simulation: Step 3: Agent 2 -> 4 nearby: "こんにちは、皆様。最近の厳しい状況について少し話します。予算と雇用問題が中心ですが，チーム内で情報を共有することで解決策を見つけることができると感じています。一緒に考えていきましょう。"
2026-04-29 21:28:38,125 [INFO] src.agent.agent: Agent 0 received message from Agent 2: "こんにちは、皆様。最近の厳しい状況について少し話します。予算と雇用問題が中心ですが，チーム内で情報を共有することで解決策を見つけることができると感じています。一緒に考えていきましょう。"
2026-04-29 21:28:38,126 [INFO] src.agent.agent: Agent 1 received message from Agent 2: "こんにちは、皆様。最近の厳しい状況について少し話します。予算と雇用問題が中心ですが，チーム内で情報を共有することで解決策を見つけることができると感じています。一緒に考えていきましょう。"
2026-04-29 21:28:38,126 [INFO] src.agent.agent: Agent 3 received message from Agent 2: "こんにちは、皆様。最近の厳しい状況について少し話します。予算と雇用問題が中心ですが，チーム内で情報を共有することで解決策を見つけることができると感じています。一緒に考えていきましょう。"
2026-04-29 21:28:38,126 [INFO] src.agent.agent: Agent 4 received message from Agent 2: "こんにちは、皆様。最近の厳しい状況について少し話します。予算と雇用問題が中心ですが，チーム内で情報を共有することで解決策を見つけることができると感じています。一緒に考えていきましょう。"
2026-04-29 21:28:38,128 [INFO] src.simulation: Step 3: Agent 3 -> 3 nearby: "各位こんにちは。最近の状況は厳しいですね。特に予算と雇用問題が大きな課題となっています。今日もそれぞれが力を合わせて乗り越えていくことが大切だと思います。また、チーム内で情報を共有し、より効果的な解決策を考える時間を設けてみませんか？私自身も積極的にコミュニケーションを取り、助け合える範囲でサポートします。"
2026-04-29 21:28:38,128 [INFO] src.agent.agent: Agent 0 received message from Agent 3: "各位こんにちは。最近の状況は厳しいですね。特に予算と雇用問題が大きな課題となっています。今日もそれぞれが力を合わせて乗り越えていくことが大切だと思います。また、チーム内で情報を共有し、より効果的な解決策を考える時間を設けてみませんか？私自身も積極的にコミュニケーションを取り、助け合える範囲でサポートします。"
2026-04-29 21:28:38,129 [INFO] src.agent.agent: Agent 1 received message from Agent 3: "各位こんにちは。最近の状況は厳しいですね。特に予算と雇用問題が大きな課題となっています。今日もそれぞれが力を合わせて乗り越えていくことが大切だと思います。また、チーム内で情報を共有し、より効果的な解決策を考える時間を設けてみませんか？私自身も積極的にコミュニケーションを取り、助け合える範囲でサポートします。"
2026-04-29 21:28:38,129 [INFO] src.agent.agent: Agent 2 received message from Agent 3: "各位こんにちは。最近の状況は厳しいですね。特に予算と雇用問題が大きな課題となっています。今日もそれぞれが力を合わせて乗り越えていくことが大切だと思います。また、チーム内で情報を共有し、より効果的な解決策を考える時間を設けてみませんか？私自身も積極的にコミュニケーションを取り、助け合える範囲でサポートします。"
2026-04-29 21:28:38,130 [INFO] src.simulation: Step 3: Agent 4 -> 1 nearby: "こんにちは、皆様。最近の状況は厳しいですが、チーム一丸となって乗り越えていきましょう。特に今日は会議で具体的な目標とアジェンダを共有し、各人の負担を分かち合う機会にしたいと思います。また，必要な支援があれば一緒に考えていきましょう。"
2026-04-29 21:28:38,130 [INFO] src.agent.agent: Agent 2 received message from Agent 4: "こんにちは、皆様。最近の状況は厳しいですが、チーム一丸となって乗り越えていきましょう。特に今日は会議で具体的な目標とアジェンダを共有し、各人の負担を分かち合う機会にしたいと思います。また，必要な支援があれば一緒に考えていきましょう。"
2026-04-29 21:29:14,672 [INFO] src.simulation: Step 4: Agent 0 -> 2 nearby: "こんにちは、チーム。今日の状況は厳しいですね。Agent 3さんからのメッセージを受けています。私たちが持てる支援をもっと共有し、互いに助け合いましょう。何かお手伝いできることがあれば教えてください。"
2026-04-29 21:29:14,672 [INFO] src.agent.agent: Agent 2 received message from Agent 0: "こんにちは、チーム。今日の状況は厳しいですね。Agent 3さんからのメッセージを受けています。私たちが持てる支援をもっと共有し、互いに助け合いましょう。何かお手伝いできることがあれば教えてください。"
2026-04-29 21:29:14,672 [INFO] src.agent.agent: Agent 3 received message from Agent 0: "こんにちは、チーム。今日の状況は厳しいですね。Agent 3さんからのメッセージを受けています。私たちが持てる支援をもっと共有し、互いに助け合いましょう。何かお手伝いできることがあれば教えてください。"
2026-04-29 21:29:14,673 [INFO] src.simulation: Step 4: Agent 1 -> 2 nearby: "こんにちは、皆様。厳しい経営環境下で、私たちのチームが一体となって乗り越えていくことが重要だと感じています。特に予算と雇用問題について、今日も情報共有を重視し、それぞれが持っているアイデアや解決策を共有しましょう。一緒に考え、行動することで、より良い結果に繋がると思います。"
2026-04-29 21:29:14,673 [INFO] src.agent.agent: Agent 2 received message from Agent 1: "こんにちは、皆様。厳しい経営環境下で、私たちのチームが一体となって乗り越えていくことが重要だと感じています。特に予算と雇用問題について、今日も情報共有を重視し、それぞれが持っているアイデアや解決策を共有しましょう。一緒に考え、行動することで、より良い結果に繋がると思います。"
2026-04-29 21:29:14,674 [INFO] src.agent.agent: Agent 3 received message from Agent 1: "こんにちは、皆様。厳しい経営環境下で、私たちのチームが一体となって乗り越えていくことが重要だと感じています。特に予算と雇用問題について、今日も情報共有を重視し、それぞれが持っているアイデアや解決策を共有しましょう。一緒に考え、行動することで、より良い結果に繋がると思います。"
2026-04-29 21:29:14,674 [INFO] src.simulation: Step 4: Agent 2 -> 4 nearby: "こんにちは、皆様。厳しい状況下ですが，チーム一丸となって乗り越えていきましょう。特に今日は会議で具体的な目標とアジェンダを共有し、各人の負担を分かち合う機会にしたいと思います。また，必要な支援があれば一緒に考えていきましょう。"
2026-04-29 21:29:14,674 [INFO] src.agent.agent: Agent 0 received message from Agent 2: "こんにちは、皆様。厳しい状況下ですが，チーム一丸となって乗り越えていきましょう。特に今日は会議で具体的な目標とアジェンダを共有し、各人の負担を分かち合う機会にしたいと思います。また，必要な支援があれば一緒に考えていきましょう。"
2026-04-29 21:29:14,675 [INFO] src.agent.agent: Agent 1 received message from Agent 2: "こんにちは、皆様。厳しい状況下ですが，チーム一丸となって乗り越えていきましょう。特に今日は会議で具体的な目標とアジェンダを共有し、各人の負担を分かち合う機会にしたいと思います。また，必要な支援があれば一緒に考えていきましょう。"
2026-04-29 21:29:14,675 [INFO] src.agent.agent: Agent 3 received message from Agent 2: "こんにちは、皆様。厳しい状況下ですが，チーム一丸となって乗り越えていきましょう。特に今日は会議で具体的な目標とアジェンダを共有し、各人の負担を分かち合う機会にしたいと思います。また，必要な支援があれば一緒に考えていきましょう。"
2026-04-29 21:29:14,676 [INFO] src.agent.agent: Agent 4 received message from Agent 2: "こんにちは、皆様。厳しい状況下ですが，チーム一丸となって乗り越えていきましょう。特に今日は会議で具体的な目標とアジェンダを共有し、各人の負担を分かち合う機会にしたいと思います。また，必要な支援があれば一緒に考えていきましょう。"
2026-04-29 21:29:14,676 [INFO] src.simulation: Step 4: Agent 3 -> 3 nearby: "こんにちは、皆様。厳しい状況下で、チーム一丸となり取り組むことが重要だと感じています。今日の会議での目標とアジェンダについて共有し、各人の負担を理解しながら適切な支援を提供しましょう。また，具体的な行動計画も一緒に考えていきましょう。"
2026-04-29 21:29:14,676 [INFO] src.agent.agent: Agent 0 received message from Agent 3: "こんにちは、皆様。厳しい状況下で、チーム一丸となり取り組むことが重要だと感じています。今日の会議での目標とアジェンダについて共有し、各人の負担を理解しながら適切な支援を提供しましょう。また，具体的な行動計画も一緒に考えていきましょう。"
2026-04-29 21:29:14,676 [INFO] src.agent.agent: Agent 1 received message from Agent 3: "こんにちは、皆様。厳しい状況下で、チーム一丸となり取り組むことが重要だと感じています。今日の会議での目標とアジェンダについて共有し、各人の負担を理解しながら適切な支援を提供しましょう。また，具体的な行動計画も一緒に考えていきましょう。"
2026-04-29 21:29:14,678 [INFO] src.agent.agent: Agent 2 received message from Agent 3: "こんにちは、皆様。厳しい状況下で、チーム一丸となり取り組むことが重要だと感じています。今日の会議での目標とアジェンダについて共有し、各人の負担を理解しながら適切な支援を提供しましょう。また，具体的な行動計画も一緒に考えていきましょう。"
2026-04-29 21:29:14,678 [INFO] src.simulation: Step 4: Agent 4 -> 1 nearby: "こんにちは、皆様。厳しい状況ですが、お互いの負担を分かち合い、助け合って乗り越えていきましょう。最近の会議での目標とアジェンダについて共有しましょう。また，各人のスキルや専門知識を活用し、より効率的な解決策を考えていきましょう。"
2026-04-29 21:29:14,678 [INFO] src.agent.agent: Agent 2 received message from Agent 4: "こんにちは、皆様。厳しい状況ですが、お互いの負担を分かち合い、助け合って乗り越えていきましょう。最近の会議での目標とアジェンダについて共有しましょう。また，各人のスキルや専門知識を活用し、より効率的な解決策を考えていきましょう。"
2026-04-29 21:29:52,712 [INFO] src.simulation: Step 5: Agent 0 -> 1 nearby: "こんにちは、皆様。厳しい状況下で、チーム一丸となって乗り越えていきましょう。特に今日は各人の負担を理解しながら適切な支援を提供し、具体的な行動計画も一緒に考えたいと思います。また，情報共有の機会を作り、互いに助け合う時間を持ちたいです。"
2026-04-29 21:29:52,712 [INFO] src.agent.agent: Agent 3 received message from Agent 0: "こんにちは、皆様。厳しい状況下で、チーム一丸となって乗り越えていきましょう。特に今日は各人の負担を理解しながら適切な支援を提供し、具体的な行動計画も一緒に考えたいと思います。また，情報共有の機会を作り、互いに助け合う時間を持ちたいです。"
2026-04-29 21:29:52,713 [INFO] src.simulation: Step 5: Agent 1 -> 2 nearby: "こんにちは、皆様。厳しい状況下ですが、チーム一丸となって乗り越えていきたいと思います。特に予算と雇用問題については、今日の会議で具体的な目標とアジェンダを共有し、各人の負担を分かち合う時間を設けてみませんか？また，他のメンバーからの情報を積極的に共有することで、より効果的な解決策を考えることができます。"
2026-04-29 21:29:52,713 [INFO] src.agent.agent: Agent 2 received message from Agent 1: "こんにちは、皆様。厳しい状況下ですが、チーム一丸となって乗り越えていきたいと思います。特に予算と雇用問題については、今日の会議で具体的な目標とアジェンダを共有し、各人の負担を分かち合う時間を設けてみませんか？また，他のメンバーからの情報を積極的に共有することで、より効果的な解決策を考えることができます。"
2026-04-29 21:29:52,713 [INFO] src.agent.agent: Agent 3 received message from Agent 1: "こんにちは、皆様。厳しい状況下ですが、チーム一丸となって乗り越えていきたいと思います。特に予算と雇用問題については、今日の会議で具体的な目標とアジェンダを共有し、各人の負担を分かち合う時間を設けてみませんか？また，他のメンバーからの情報を積極的に共有することで、より効果的な解決策を考えることができます。"
2026-04-29 21:29:52,714 [INFO] src.simulation: Step 5: Agent 2 -> 2 nearby: "こんにちは、皆様。厳しい経営環境下で、私たちのチームが一体となって乗り越えていくことが重要だと感じています。特に今日の会議での目標とアジェンダについて共有し、それぞれの負担を理解しながら適切な支援を提供しましょう。また，具体的な行動計画も一緒に考えていきましょう。"
2026-04-29 21:29:52,714 [INFO] src.agent.agent: Agent 1 received message from Agent 2: "こんにちは、皆様。厳しい経営環境下で、私たちのチームが一体となって乗り越えていくことが重要だと感じています。特に今日の会議での目標とアジェンダについて共有し、それぞれの負担を理解しながら適切な支援を提供しましょう。また，具体的な行動計画も一緒に考えていきましょう。"
2026-04-29 21:29:52,715 [INFO] src.agent.agent: Agent 3 received message from Agent 2: "こんにちは、皆様。厳しい経営環境下で、私たちのチームが一体となって乗り越えていくことが重要だと感じています。特に今日の会議での目標とアジェンダについて共有し、それぞれの負担を理解しながら適切な支援を提供しましょう。また，具体的な行動計画も一緒に考えていきましょう。"
2026-04-29 21:29:52,716 [INFO] src.simulation: Step 5: Agent 3 -> 3 nearby: "こんにちは、皆様。厳しい経営環境下で、私たちのチームが一体となって乗り越えていくことが重要だと感じています。特に予算と雇用問題について、今日も情報共有を重視し、それぞれが持っているアイデアや解決策を共有しましょう。また，必要な支援があれば一緒に考えていきましょう。"
2026-04-29 21:29:52,716 [INFO] src.agent.agent: Agent 0 received message from Agent 3: "こんにちは、皆様。厳しい経営環境下で、私たちのチームが一体となって乗り越えていくことが重要だと感じています。特に予算と雇用問題について、今日も情報共有を重視し、それぞれが持っているアイデアや解決策を共有しましょう。また，必要な支援があれば一緒に考えていきましょう。"
2026-04-29 21:29:52,716 [INFO] src.agent.agent: Agent 1 received message from Agent 3: "こんにちは、皆様。厳しい経営環境下で、私たちのチームが一体となって乗り越えていくことが重要だと感じています。特に予算と雇用問題について、今日も情報共有を重視し、それぞれが持っているアイデアや解決策を共有しましょう。また，必要な支援があれば一緒に考えていきましょう。"
2026-04-29 21:29:52,716 [INFO] src.agent.agent: Agent 2 received message from Agent 3: "こんにちは、皆様。厳しい経営環境下で、私たちのチームが一体となって乗り越えていくことが重要だと感じています。特に予算と雇用問題について、今日も情報共有を重視し、それぞれが持っているアイデアや解決策を共有しましょう。また，必要な支援があれば一緒に考えていきましょう。"
2026-04-29 21:30:10,753 [INFO] src.simulation: Simulation completed
2026-04-29 21:30:10,753 [INFO] root: ===== Statistics =====
2026-04-29 21:30:10,753 [INFO] root:   mean_occupancy: 1.0
2026-04-29 21:30:10,753 [INFO] root:   std_occupancy: 0.0
2026-04-29 21:30:10,753 [INFO] root:   mean_agents_in_place: 5.0
2026-04-29 21:30:10,754 [INFO] root:   max_agents_in_place: 5
2026-04-29 21:30:10,754 [INFO] root:   min_agents_in_place: 5
2026-04-29 21:30:10,754 [INFO] root:   total_steps: 5
2026-04-29 21:30:10,754 [INFO] root:   place_entry_denied_count: 0
2026-04-29 21:30:10,754 [INFO] root:   memory_evicted_count: 0
2026-04-29 21:30:10,754 [INFO] root:   memory_re_encountered_count: 0
