2026-04-28 22:29:59,033 [INFO] root: config = config/scenario_local_startup.yaml
2026-04-28 22:29:59,033 [INFO] root: output_dir = output/phase3_local_startup
2026-04-28 22:29:59,083 [INFO] src.simulation: random_seed = 42 に固定
2026-04-28 22:29:59,083 [INFO] src.simulation: World initialized: 2 place(s) ['main_office', 'meeting_room'] (types: ['office', 'meeting'])
2026-04-28 22:29:59,084 [INFO] src.simulation: Environment: economy=bad -> "現在、景気は悪く、予算・雇用に緊張感がある。"
2026-04-28 22:29:59,084 [INFO] src.simulation: WorldLaws: comm_radius=8.0, overrides={'meeting_room': 5.0}, cognitive_limit=10
2026-04-28 22:29:59,085 [INFO] src.simulation: Starting simulation...
2026-04-28 22:30:01,169 [INFO] src.simulation: Initializing 5 agents (placement=random_in_place)...
2026-04-28 22:30:01,169 [INFO] src.simulation: Personas generated: 5 agents (地方 × スタートアップ)
2026-04-28 22:30:01,169 [INFO] src.simulation: Agents initialized
2026-04-28 22:30:20,426 [INFO] src.simulation: Step 1: Agent 0 -> 2 nearby: "大家好，今天办公室的气氛似乎有些低落。作为新人，我想分享一下自己的感受和观察。尽管目前景气不佳，但我相信通过团队合作可以克服这些挑战。如果有任何需要帮助的地方或想法，请随时告诉我。"
2026-04-28 22:30:20,431 [INFO] src.agent.agent: Agent 2 received message from Agent 0: "大家好，今天办公室的气氛似乎有些低落。作为新人，我想分享一下自己的感受和观察。尽管目前景气不佳，但我相信通过团队合作可以克服这些挑战。如果有任何需要帮助的地方或想法，请随时告诉我。"
2026-04-28 22:30:20,436 [INFO] src.agent.agent: Agent 3 received message from Agent 0: "大家好，今天办公室的气氛似乎有些低落。作为新人，我想分享一下自己的感受和观察。尽管目前景气不佳，但我相信通过团队合作可以克服这些挑战。如果有任何需要帮助的地方或想法，请随时告诉我。"
2026-04-28 22:30:20,438 [INFO] src.simulation: Step 1: Agent 1 -> 3 nearby: "大家好，目前公司面临一些挑战，主要是预算和人员招聘的压力。希望大家在日常工作中能够更加团结协作，共同应对这些困难。如果有任何问题或需要帮助，请随时与我联系。谢谢。"
2026-04-28 22:30:20,438 [INFO] src.agent.agent: Agent 2 received message from Agent 1: "大家好，目前公司面临一些挑战，主要是预算和人员招聘的压力。希望大家在日常工作中能够更加团结协作，共同应对这些困难。如果有任何问题或需要帮助，请随时与我联系。谢谢。"
2026-04-28 22:30:20,439 [INFO] src.agent.agent: Agent 3 received message from Agent 1: "大家好，目前公司面临一些挑战，主要是预算和人员招聘的压力。希望大家在日常工作中能够更加团结协作，共同应对这些困难。如果有任何问题或需要帮助，请随时与我联系。谢谢。"
2026-04-28 22:30:20,440 [INFO] src.agent.agent: Agent 4 received message from Agent 1: "大家好，目前公司面临一些挑战，主要是预算和人员招聘的压力。希望大家在日常工作中能够更加团结协作，共同应对这些困难。如果有任何问题或需要帮助，请随时与我联系。谢谢。"
2026-04-28 22:30:20,441 [INFO] src.simulation: Step 1: Agent 2 -> 4 nearby: "大家好，我们目前的办公室人满为患，我注意到我们的办公空间还有空位。如果你们有时间处理一些紧急任务或者需要帮助的地方，请随时告知。我们一起努力让这里更加高效。"
2026-04-28 22:30:20,442 [INFO] src.agent.agent: Agent 0 received message from Agent 2: "大家好，我们目前的办公室人满为患，我注意到我们的办公空间还有空位。如果你们有时间处理一些紧急任务或者需要帮助的地方，请随时告知。我们一起努力让这里更加高效。"
2026-04-28 22:30:20,443 [INFO] src.agent.agent: Agent 1 received message from Agent 2: "大家好，我们目前的办公室人满为患，我注意到我们的办公空间还有空位。如果你们有时间处理一些紧急任务或者需要帮助的地方，请随时告知。我们一起努力让这里更加高效。"
2026-04-28 22:30:20,444 [INFO] src.agent.agent: Agent 3 received message from Agent 2: "大家好，我们目前的办公室人满为患，我注意到我们的办公空间还有空位。如果你们有时间处理一些紧急任务或者需要帮助的地方，请随时告知。我们一起努力让这里更加高效。"
2026-04-28 22:30:20,445 [INFO] src.agent.agent: Agent 4 received message from Agent 2: "大家好，我们目前的办公室人满为患，我注意到我们的办公空间还有空位。如果你们有时间处理一些紧急任务或者需要帮助的地方，请随时告知。我们一起努力让这里更加高效。"
2026-04-28 22:30:20,446 [INFO] src.simulation: Step 1: Agent 3 -> 3 nearby: "こんにちは、皆さん。最近の状況は厳しいですね。一緒に乗り越えていきましょう。"
2026-04-28 22:30:20,446 [INFO] src.agent.agent: Agent 0 received message from Agent 3: "こんにちは、皆さん。最近の状況は厳しいですね。一緒に乗り越えていきましょう。"
2026-04-28 22:30:20,446 [INFO] src.agent.agent: Agent 1 received message from Agent 3: "こんにちは、皆さん。最近の状況は厳しいですね。一緒に乗り越えていきましょう。"
2026-04-28 22:30:20,447 [INFO] src.agent.agent: Agent 2 received message from Agent 3: "こんにちは、皆さん。最近の状況は厳しいですね。一緒に乗り越えていきましょう。"
2026-04-28 22:30:20,447 [INFO] src.simulation: Step 1: Agent 4 -> 2 nearby: "こんにちは、皆様。最近の経営環境は厳しいですが、チーム一丸となって乗り越えていきましょう。"
2026-04-28 22:30:20,448 [INFO] src.agent.agent: Agent 1 received message from Agent 4: "こんにちは、皆様。最近の経営環境は厳しいですが、チーム一丸となって乗り越えていきましょう。"
2026-04-28 22:30:20,448 [INFO] src.agent.agent: Agent 2 received message from Agent 4: "こんにちは、皆様。最近の経営環境は厳しいですが、チーム一丸となって乗り越えていきましょう。"
2026-04-28 22:30:53,654 [INFO] src.simulation: Step 2: Agent 0 -> 2 nearby: "大家好，我注意到我们办公室的空位情况有所改善，但仍然有很多空位。如果你们有时间处理一些紧急任务或者需要帮助的地方，请随时告知。让我们共同努力，让这里更加高效。"
2026-04-28 22:30:53,654 [INFO] src.agent.agent: Agent 2 received message from Agent 0: "大家好，我注意到我们办公室的空位情况有所改善，但仍然有很多空位。如果你们有时间处理一些紧急任务或者需要帮助的地方，请随时告知。让我们共同努力，让这里更加高效。"
2026-04-28 22:30:53,655 [INFO] src.agent.agent: Agent 3 received message from Agent 0: "大家好，我注意到我们办公室的空位情况有所改善，但仍然有很多空位。如果你们有时间处理一些紧急任务或者需要帮助的地方，请随时告知。让我们共同努力，让这里更加高效。"
2026-04-28 22:30:53,656 [INFO] src.simulation: Step 2: Agent 1 -> 3 nearby: "こんにちは、皆様。最近の経営環境が厳しいことは皆さんも感じていると思います。共同で乗り越えていくことが重要です。もし何か具体的な課題や支援が必要であれば、私たちは手助けできるかもしれません。一緒に力を合わせて解決に取り組むことができればと思います。"
2026-04-28 22:30:53,656 [INFO] src.agent.agent: Agent 2 received message from Agent 1: "こんにちは、皆様。最近の経営環境が厳しいことは皆さんも感じていると思います。共同で乗り越えていくことが重要です。もし何か具体的な課題や支援が必要であれば、私たちは手助けできるかもしれません。一緒に力を合わせて解決に取り組むことができればと思います。"
2026-04-28 22:30:53,657 [INFO] src.agent.agent: Agent 3 received message from Agent 1: "こんにちは、皆様。最近の経営環境が厳しいことは皆さんも感じていると思います。共同で乗り越えていくことが重要です。もし何か具体的な課題や支援が必要であれば、私たちは手助けできるかもしれません。一緒に力を合わせて解決に取り組むことができればと思います。"
2026-04-28 22:30:53,657 [INFO] src.agent.agent: Agent 4 received message from Agent 1: "こんにちは、皆様。最近の経営環境が厳しいことは皆さんも感じていると思います。共同で乗り越えていくことが重要です。もし何か具体的な課題や支援が必要であれば、私たちは手助けできるかもしれません。一緒に力を合わせて解決に取り組むことができればと思います。"
2026-04-28 22:30:53,658 [INFO] src.simulation: Step 2: Agent 2 -> 4 nearby: "こんにちは、皆様。最近の経営環境は厳しいですが，チーム一丸となって乗り越えていきましょう。私たちは互いに支え合い、問題解決に向けて前進していかなければなりません。どんな状況下でも一緒に頑張りましょう。"
2026-04-28 22:30:53,658 [INFO] src.agent.agent: Agent 0 received message from Agent 2: "こんにちは、皆様。最近の経営環境は厳しいですが，チーム一丸となって乗り越えていきましょう。私たちは互いに支え合い、問題解決に向けて前進していかなければなりません。どんな状況下でも一緒に頑張りましょう。"
2026-04-28 22:30:53,658 [INFO] src.agent.agent: Agent 1 received message from Agent 2: "こんにちは、皆様。最近の経営環境は厳しいですが，チーム一丸となって乗り越えていきましょう。私たちは互いに支え合い、問題解決に向けて前進していかなければなりません。どんな状況下でも一緒に頑張りましょう。"
2026-04-28 22:30:53,659 [INFO] src.agent.agent: Agent 3 received message from Agent 2: "こんにちは、皆様。最近の経営環境は厳しいですが，チーム一丸となって乗り越えていきましょう。私たちは互いに支え合い、問題解決に向けて前進していかなければなりません。どんな状況下でも一緒に頑張りましょう。"
2026-04-28 22:30:53,659 [INFO] src.agent.agent: Agent 4 received message from Agent 2: "こんにちは、皆様。最近の経営環境は厳しいですが，チーム一丸となって乗り越えていきましょう。私たちは互いに支え合い、問題解決に向けて前進していかなければなりません。どんな状況下でも一緒に頑張りましょう。"
2026-04-28 22:30:53,660 [INFO] src.simulation: Step 2: Agent 3 -> 3 nearby: "大家好，我注意到我们的办公室虽然目前人不多，但仍然有未充分利用的空间。如果你们在日常工作中遇到任何需要帮助的地方或想法，请随时与我联系。我们可以通过更有效的利用空间和资源来提高工作效率。"
2026-04-28 22:30:53,660 [INFO] src.agent.agent: Agent 0 received message from Agent 3: "大家好，我注意到我们的办公室虽然目前人不多，但仍然有未充分利用的空间。如果你们在日常工作中遇到任何需要帮助的地方或想法，请随时与我联系。我们可以通过更有效的利用空间和资源来提高工作效率。"
2026-04-28 22:30:53,661 [INFO] src.agent.agent: Agent 1 received message from Agent 3: "大家好，我注意到我们的办公室虽然目前人不多，但仍然有未充分利用的空间。如果你们在日常工作中遇到任何需要帮助的地方或想法，请随时与我联系。我们可以通过更有效的利用空间和资源来提高工作效率。"
2026-04-28 22:30:53,662 [INFO] src.agent.agent: Agent 2 received message from Agent 3: "大家好，我注意到我们的办公室虽然目前人不多，但仍然有未充分利用的空间。如果你们在日常工作中遇到任何需要帮助的地方或想法，请随时与我联系。我们可以通过更有效的利用空间和资源来提高工作效率。"
2026-04-28 22:30:53,663 [INFO] src.simulation: Step 2: Agent 4 -> 2 nearby: "大家好，目前办公室人满为患，我注意到我们的办公空间还有空位。如果你们有时间处理一些紧急任务或者需要帮助的地方，请随时告知。让我们一起努力让这里更加高效。"
2026-04-28 22:30:53,664 [INFO] src.agent.agent: Agent 1 received message from Agent 4: "大家好，目前办公室人满为患，我注意到我们的办公空间还有空位。如果你们有时间处理一些紧急任务或者需要帮助的地方，请随时告知。让我们一起努力让这里更加高效。"
2026-04-28 22:30:53,664 [INFO] src.agent.agent: Agent 2 received message from Agent 4: "大家好，目前办公室人满为患，我注意到我们的办公空间还有空位。如果你们有时间处理一些紧急任务或者需要帮助的地方，请随时告知。让我们一起努力让这里更加高效。"
2026-04-28 22:31:28,126 [INFO] src.simulation: Step 3: Agent 0 -> 2 nearby: "大家好，最近注意到我们的办公室虽然目前人不多，但仍然有未充分利用的空间。我想分享一些小建议来提高工作效率和团队协作：1）定期组织小型工作坊或交流会，促进跨部门沟通；2）利用现有空间进行灵活布局，以适应不同场景的需求；3）鼓励提出创新想法和技术解决方案。希望这些建议能帮助我们共同提升效率，一起度过这个挑战期。"
2026-04-28 22:31:28,127 [INFO] src.agent.agent: Agent 2 received message from Agent 0: "大家好，最近注意到我们的办公室虽然目前人不多，但仍然有未充分利用的空间。我想分享一些小建议来提高工作效率和团队协作：1）定期组织小型工作坊或交流会，促进跨部门沟通；2）利用现有空间进行灵活布局，以适应不同场景的需求；3）鼓励提出创新想法和技术解决方案。希望这些建议能帮助我们共同提升效率，一起度过这个挑战期。"
2026-04-28 22:31:28,128 [INFO] src.agent.agent: Agent 3 received message from Agent 0: "大家好，最近注意到我们的办公室虽然目前人不多，但仍然有未充分利用的空间。我想分享一些小建议来提高工作效率和团队协作：1）定期组织小型工作坊或交流会，促进跨部门沟通；2）利用现有空间进行灵活布局，以适应不同场景的需求；3）鼓励提出创新想法和技术解决方案。希望这些建议能帮助我们共同提升效率，一起度过这个挑战期。"
2026-04-28 22:31:28,129 [INFO] src.simulation: Step 3: Agent 1 -> 3 nearby: "こんにちは、皆様。最近の経営環境は厳しいですが，チーム一丸となって乗り越えていきましょう。特に現在の状況では，各人の効率的な活動が重要です。もし何か助けが必要な場所やアイデアがあれば，お知らせください。一緒に頑張っていきましょう。"
2026-04-28 22:31:28,129 [INFO] src.agent.agent: Agent 2 received message from Agent 1: "こんにちは、皆様。最近の経営環境は厳しいですが，チーム一丸となって乗り越えていきましょう。特に現在の状況では，各人の効率的な活動が重要です。もし何か助けが必要な場所やアイデアがあれば，お知らせください。一緒に頑張っていきましょう。"
2026-04-28 22:31:28,130 [INFO] src.agent.agent: Agent 3 received message from Agent 1: "こんにちは、皆様。最近の経営環境は厳しいですが，チーム一丸となって乗り越えていきましょう。特に現在の状況では，各人の効率的な活動が重要です。もし何か助けが必要な場所やアイデアがあれば，お知らせください。一緒に頑張っていきましょう。"
2026-04-28 22:31:28,130 [INFO] src.agent.agent: Agent 4 received message from Agent 1: "こんにちは、皆様。最近の経営環境は厳しいですが，チーム一丸となって乗り越えていきましょう。特に現在の状況では，各人の効率的な活動が重要です。もし何か助けが必要な場所やアイデアがあれば，お知らせください。一緒に頑張っていきましょう。"
2026-04-28 22:31:28,131 [INFO] src.simulation: Step 3: Agent 2 -> 4 nearby: "大家好，我注意到我们的办公室虽然目前人不多，但仍然有未充分利用的空间。为了提高工作效率，我们可以共同探讨如何更有效地利用这些空间和资源。如果有任何需要帮助的地方或想法，请随时与我联系。"
2026-04-28 22:31:28,132 [INFO] src.agent.agent: Agent 0 received message from Agent 2: "大家好，我注意到我们的办公室虽然目前人不多，但仍然有未充分利用的空间。为了提高工作效率，我们可以共同探讨如何更有效地利用这些空间和资源。如果有任何需要帮助的地方或想法，请随时与我联系。"
2026-04-28 22:31:28,133 [INFO] src.agent.agent: Agent 1 received message from Agent 2: "大家好，我注意到我们的办公室虽然目前人不多，但仍然有未充分利用的空间。为了提高工作效率，我们可以共同探讨如何更有效地利用这些空间和资源。如果有任何需要帮助的地方或想法，请随时与我联系。"
2026-04-28 22:31:28,134 [INFO] src.agent.agent: Agent 3 received message from Agent 2: "大家好，我注意到我们的办公室虽然目前人不多，但仍然有未充分利用的空间。为了提高工作效率，我们可以共同探讨如何更有效地利用这些空间和资源。如果有任何需要帮助的地方或想法，请随时与我联系。"
2026-04-28 22:31:28,135 [INFO] src.agent.agent: Agent 4 received message from Agent 2: "大家好，我注意到我们的办公室虽然目前人不多，但仍然有未充分利用的空间。为了提高工作效率，我们可以共同探讨如何更有效地利用这些空间和资源。如果有任何需要帮助的地方或想法，请随时与我联系。"
2026-04-28 22:31:28,136 [INFO] src.simulation: Step 3: Agent 3 -> 3 nearby: "こんにちは、皆様。最近の経営環境が厳しく感じていますね。オフィス内はまだ空いている席が多いですが，チーム一丸となって乗り越えていきましょう。もし何か具体的な課題や支援が必要であれば，私たちは手助けできるかもしれません。一緒に力を合わせて解決に取り組むことができればと思います。"
2026-04-28 22:31:28,136 [INFO] src.agent.agent: Agent 0 received message from Agent 3: "こんにちは、皆様。最近の経営環境が厳しく感じていますね。オフィス内はまだ空いている席が多いですが，チーム一丸となって乗り越えていきましょう。もし何か具体的な課題や支援が必要であれば，私たちは手助けできるかもしれません。一緒に力を合わせて解決に取り組むことができればと思います。"
2026-04-28 22:31:28,137 [INFO] src.agent.agent: Agent 1 received message from Agent 3: "こんにちは、皆様。最近の経営環境が厳しく感じていますね。オフィス内はまだ空いている席が多いですが，チーム一丸となって乗り越えていきましょう。もし何か具体的な課題や支援が必要であれば，私たちは手助けできるかもしれません。一緒に力を合わせて解決に取り組むことができればと思います。"
2026-04-28 22:31:28,137 [INFO] src.agent.agent: Agent 2 received message from Agent 3: "こんにちは、皆様。最近の経営環境が厳しく感じていますね。オフィス内はまだ空いている席が多いですが，チーム一丸となって乗り越えていきましょう。もし何か具体的な課題や支援が必要であれば，私たちは手助けできるかもしれません。一緒に力を合わせて解決に取り組むことができればと思います。"
2026-04-28 22:31:28,138 [INFO] src.simulation: Step 3: Agent 4 -> 2 nearby: "大家好，目前办公室人满为患，我注意到我们有空位未充分利用。如果你们在处理紧急任务或需要帮助的地方，请随时告知。我们一起努力让这里更加高效。"
2026-04-28 22:31:28,139 [INFO] src.agent.agent: Agent 1 received message from Agent 4: "大家好，目前办公室人满为患，我注意到我们有空位未充分利用。如果你们在处理紧急任务或需要帮助的地方，请随时告知。我们一起努力让这里更加高效。"
2026-04-28 22:31:28,140 [INFO] src.agent.agent: Agent 2 received message from Agent 4: "大家好，目前办公室人满为患，我注意到我们有空位未充分利用。如果你们在处理紧急任务或需要帮助的地方，请随时告知。我们一起努力让这里更加高效。"
2026-04-28 22:32:02,233 [INFO] src.simulation: Step 4: Agent 0 -> 2 nearby: "大家好，我注意到我们办公室的利用率虽然有所提升，但仍有许多未充分利用的空间。为了提高我们的工作效率和团队协作，我想进一步探索这些空间的可能性。如果有任何问题或想法，请随时与我联系。"
2026-04-28 22:32:02,234 [INFO] src.agent.agent: Agent 2 received message from Agent 0: "大家好，我注意到我们办公室的利用率虽然有所提升，但仍有许多未充分利用的空间。为了提高我们的工作效率和团队协作，我想进一步探索这些空间的可能性。如果有任何问题或想法，请随时与我联系。"
2026-04-28 22:32:02,235 [INFO] src.agent.agent: Agent 3 received message from Agent 0: "大家好，我注意到我们办公室的利用率虽然有所提升，但仍有许多未充分利用的空间。为了提高我们的工作效率和团队协作，我想进一步探索这些空间的可能性。如果有任何问题或想法，请随时与我联系。"
2026-04-28 22:32:02,236 [INFO] src.simulation: Step 4: Agent 1 -> 3 nearby: "大家好，最近办公室人相对较少，但仍有未充分利用的空间。为了提高工作效率和团队协作，我们可以共同探讨如何更有效地利用这些空间和资源。如果有任何需要帮助的地方或想法，请随时与我联系。"
2026-04-28 22:32:02,237 [INFO] src.agent.agent: Agent 2 received message from Agent 1: "大家好，最近办公室人相对较少，但仍有未充分利用的空间。为了提高工作效率和团队协作，我们可以共同探讨如何更有效地利用这些空间和资源。如果有任何需要帮助的地方或想法，请随时与我联系。"
2026-04-28 22:32:02,238 [INFO] src.agent.agent: Agent 3 received message from Agent 1: "大家好，最近办公室人相对较少，但仍有未充分利用的空间。为了提高工作效率和团队协作，我们可以共同探讨如何更有效地利用这些空间和资源。如果有任何需要帮助的地方或想法，请随时与我联系。"
2026-04-28 22:32:02,239 [INFO] src.agent.agent: Agent 4 received message from Agent 1: "大家好，最近办公室人相对较少，但仍有未充分利用的空间。为了提高工作效率和团队协作，我们可以共同探讨如何更有效地利用这些空间和资源。如果有任何需要帮助的地方或想法，请随时与我联系。"
2026-04-28 22:32:02,240 [INFO] src.simulation: Step 4: Agent 2 -> 4 nearby: "大家好，最近办公室的使用情况显示还有较多空位未充分利用。虽然整体上员工数量不多，但我注意到一些区域如会议室和休息区较为拥挤。为了提高空间利用率和工作氛围，我们可以考虑优化这些区域的布局或安排。如果有任何具体的想法或者需要帮助的地方，请随时告知。让我们共同努力，让我们的办公环境更加舒适高效。"
2026-04-28 22:32:02,240 [INFO] src.agent.agent: Agent 0 received message from Agent 2: "大家好，最近办公室的使用情况显示还有较多空位未充分利用。虽然整体上员工数量不多，但我注意到一些区域如会议室和休息区较为拥挤。为了提高空间利用率和工作氛围，我们可以考虑优化这些区域的布局或安排。如果有任何具体的想法或者需要帮助的地方，请随时告知。让我们共同努力，让我们的办公环境更加舒适高效。"
2026-04-28 22:32:02,241 [INFO] src.agent.agent: Agent 1 received message from Agent 2: "大家好，最近办公室的使用情况显示还有较多空位未充分利用。虽然整体上员工数量不多，但我注意到一些区域如会议室和休息区较为拥挤。为了提高空间利用率和工作氛围，我们可以考虑优化这些区域的布局或安排。如果有任何具体的想法或者需要帮助的地方，请随时告知。让我们共同努力，让我们的办公环境更加舒适高效。"
2026-04-28 22:32:02,242 [INFO] src.agent.agent: Agent 3 received message from Agent 2: "大家好，最近办公室的使用情况显示还有较多空位未充分利用。虽然整体上员工数量不多，但我注意到一些区域如会议室和休息区较为拥挤。为了提高空间利用率和工作氛围，我们可以考虑优化这些区域的布局或安排。如果有任何具体的想法或者需要帮助的地方，请随时告知。让我们共同努力，让我们的办公环境更加舒适高效。"
2026-04-28 22:32:02,243 [INFO] src.agent.agent: Agent 4 received message from Agent 2: "大家好，最近办公室的使用情况显示还有较多空位未充分利用。虽然整体上员工数量不多，但我注意到一些区域如会议室和休息区较为拥挤。为了提高空间利用率和工作氛围，我们可以考虑优化这些区域的布局或安排。如果有任何具体的想法或者需要帮助的地方，请随时告知。让我们共同努力，让我们的办公环境更加舒适高效。"
2026-04-28 22:32:02,244 [INFO] src.simulation: Step 4: Agent 3 -> 3 nearby: "皆さん、こんにちは。最近の状況を受け、チーム一丸となって乗り越えていかなければなりません。特に各人の効率的な活動が重要です。もし何か助けが必要な場所やアイデアがあれば、お知らせください。一緒に頑張っていきましょう。"
2026-04-28 22:32:02,244 [INFO] src.agent.agent: Agent 0 received message from Agent 3: "皆さん、こんにちは。最近の状況を受け、チーム一丸となって乗り越えていかなければなりません。特に各人の効率的な活動が重要です。もし何か助けが必要な場所やアイデアがあれば、お知らせください。一緒に頑張っていきましょう。"
2026-04-28 22:32:02,245 [INFO] src.agent.agent: Agent 1 received message from Agent 3: "皆さん、こんにちは。最近の状況を受け、チーム一丸となって乗り越えていかなければなりません。特に各人の効率的な活動が重要です。もし何か助けが必要な場所やアイデアがあれば、お知らせください。一緒に頑張っていきましょう。"
2026-04-28 22:32:02,245 [INFO] src.agent.agent: Agent 2 received message from Agent 3: "皆さん、こんにちは。最近の状況を受け、チーム一丸となって乗り越えていかなければなりません。特に各人の効率的な活動が重要です。もし何か助けが必要な場所やアイデアがあれば、お知らせください。一緒に頑張っていきましょう。"
2026-04-28 22:32:02,246 [INFO] src.simulation: Step 4: Agent 4 -> 2 nearby: "大家好，最近办公室的人数确实不多，但我觉得我们可以通过合理规划和利用现有空间来提高工作效率。比如，我们可以优化会议室的使用频率，确保每个人都能充分利用资源。如果有任何想法或需要帮助的地方，请随时与我联系。"
2026-04-28 22:32:02,246 [INFO] src.agent.agent: Agent 1 received message from Agent 4: "大家好，最近办公室的人数确实不多，但我觉得我们可以通过合理规划和利用现有空间来提高工作效率。比如，我们可以优化会议室的使用频率，确保每个人都能充分利用资源。如果有任何想法或需要帮助的地方，请随时与我联系。"
2026-04-28 22:32:02,247 [INFO] src.agent.agent: Agent 2 received message from Agent 4: "大家好，最近办公室的人数确实不多，但我觉得我们可以通过合理规划和利用现有空间来提高工作效率。比如，我们可以优化会议室的使用频率，确保每个人都能充分利用资源。如果有任何想法或需要帮助的地方，请随时与我联系。"
2026-04-28 22:32:37,318 [INFO] src.simulation: Step 5: Agent 0 -> 3 nearby: "こんにちは、皆様。最近の状況を受け、チーム一丸となって乗り越えていかなければなりません。特に各人の効率的な活動が重要です。オフィス内の空きスペースを活用し、特に会议室和休息区などの拥挤した場所を改善することで、より良い環境を作りましょう。もし何か具体的なアイデアや助けが必要であれば、お知らせください。一緒に頑張っていきましょう。"
2026-04-28 22:32:37,319 [INFO] src.agent.agent: Agent 1 received message from Agent 0: "こんにちは、皆様。最近の状況を受け、チーム一丸となって乗り越えていかなければなりません。特に各人の効率的な活動が重要です。オフィス内の空きスペースを活用し、特に会议室和休息区などの拥挤した場所を改善することで、より良い環境を作りましょう。もし何か具体的なアイデアや助けが必要であれば、お知らせください。一緒に頑張っていきましょう。"
2026-04-28 22:32:37,320 [INFO] src.agent.agent: Agent 2 received message from Agent 0: "こんにちは、皆様。最近の状況を受け、チーム一丸となって乗り越えていかなければなりません。特に各人の効率的な活動が重要です。オフィス内の空きスペースを活用し、特に会议室和休息区などの拥挤した場所を改善することで、より良い環境を作りましょう。もし何か具体的なアイデアや助けが必要であれば、お知らせください。一緒に頑張っていきましょう。"
2026-04-28 22:32:37,321 [INFO] src.agent.agent: Agent 3 received message from Agent 0: "こんにちは、皆様。最近の状況を受け、チーム一丸となって乗り越えていかなければなりません。特に各人の効率的な活動が重要です。オフィス内の空きスペースを活用し、特に会议室和休息区などの拥挤した場所を改善することで、より良い環境を作りましょう。もし何か具体的なアイデアや助けが必要であれば、お知らせください。一緒に頑張っていきましょう。"
2026-04-28 22:32:37,322 [INFO] src.simulation: Step 5: Agent 1 -> 4 nearby: "大家好，最近在办公室观察到一些区域如会议室和休息区较为拥挤。为了提高空间利用率和工作氛围，我们可以考虑优化这些区域的布局或安排。如果有任何具体的想法或者需要帮助的地方，请随时告知。"
2026-04-28 22:32:37,323 [INFO] src.agent.agent: Agent 0 received message from Agent 1: "大家好，最近在办公室观察到一些区域如会议室和休息区较为拥挤。为了提高空间利用率和工作氛围，我们可以考虑优化这些区域的布局或安排。如果有任何具体的想法或者需要帮助的地方，请随时告知。"
2026-04-28 22:32:37,324 [INFO] src.agent.agent: Agent 2 received message from Agent 1: "大家好，最近在办公室观察到一些区域如会议室和休息区较为拥挤。为了提高空间利用率和工作氛围，我们可以考虑优化这些区域的布局或安排。如果有任何具体的想法或者需要帮助的地方，请随时告知。"
2026-04-28 22:32:37,325 [INFO] src.agent.agent: Agent 3 received message from Agent 1: "大家好，最近在办公室观察到一些区域如会议室和休息区较为拥挤。为了提高空间利用率和工作氛围，我们可以考虑优化这些区域的布局或安排。如果有任何具体的想法或者需要帮助的地方，请随时告知。"
2026-04-28 22:32:37,326 [INFO] src.agent.agent: Agent 4 received message from Agent 1: "大家好，最近在办公室观察到一些区域如会议室和休息区较为拥挤。为了提高空间利用率和工作氛围，我们可以考虑优化这些区域的布局或安排。如果有任何具体的想法或者需要帮助的地方，请随时告知。"
2026-04-28 22:32:37,327 [INFO] src.simulation: Step 5: Agent 2 -> 3 nearby: "大家好，最近办公室的使用情况表明我们有未充分利用的空间。为了提高工作效率和团队协作，我认为我们可以考虑优化会议室和休息区的布局。例如，是否可以增加一些灵活的工作桌来满足不同场景的需求？同时，如何更好地利用现有空间以适应未来可能的变化？如果有任何想法或需要帮助的地方，请随时与我联系。"
2026-04-28 22:32:37,327 [INFO] src.agent.agent: Agent 0 received message from Agent 2: "大家好，最近办公室的使用情况表明我们有未充分利用的空间。为了提高工作效率和团队协作，我认为我们可以考虑优化会议室和休息区的布局。例如，是否可以增加一些灵活的工作桌来满足不同场景的需求？同时，如何更好地利用现有空间以适应未来可能的变化？如果有任何想法或需要帮助的地方，请随时与我联系。"
2026-04-28 22:32:37,328 [INFO] src.agent.agent: Agent 1 received message from Agent 2: "大家好，最近办公室的使用情况表明我们有未充分利用的空间。为了提高工作效率和团队协作，我认为我们可以考虑优化会议室和休息区的布局。例如，是否可以增加一些灵活的工作桌来满足不同场景的需求？同时，如何更好地利用现有空间以适应未来可能的变化？如果有任何想法或需要帮助的地方，请随时与我联系。"
2026-04-28 22:32:37,329 [INFO] src.agent.agent: Agent 4 received message from Agent 2: "大家好，最近办公室的使用情况表明我们有未充分利用的空间。为了提高工作效率和团队协作，我认为我们可以考虑优化会议室和休息区的布局。例如，是否可以增加一些灵活的工作桌来满足不同场景的需求？同时，如何更好地利用现有空间以适应未来可能的变化？如果有任何想法或需要帮助的地方，请随时与我联系。"
2026-04-28 22:32:37,330 [INFO] src.simulation: Step 5: Agent 3 -> 2 nearby: "大家好，我注意到我们办公室的利用率虽然有所提升，但仍有许多未充分利用的空间。我认为我们可以考虑通过优化会议室和休息区的布局来提高空间利用率，并改善工作氛围。如果有任何具体的想法或需要帮助的地方，请随时告知。"
2026-04-28 22:32:37,330 [INFO] src.agent.agent: Agent 0 received message from Agent 3: "大家好，我注意到我们办公室的利用率虽然有所提升，但仍有许多未充分利用的空间。我认为我们可以考虑通过优化会议室和休息区的布局来提高空间利用率，并改善工作氛围。如果有任何具体的想法或需要帮助的地方，请随时告知。"
2026-04-28 22:32:37,331 [INFO] src.agent.agent: Agent 1 received message from Agent 3: "大家好，我注意到我们办公室的利用率虽然有所提升，但仍有许多未充分利用的空间。我认为我们可以考虑通过优化会议室和休息区的布局来提高空间利用率，并改善工作氛围。如果有任何具体的想法或需要帮助的地方，请随时告知。"
2026-04-28 22:32:37,332 [INFO] src.simulation: Step 5: Agent 4 -> 2 nearby: "大家好，最近办公室的使用情况显示还有较多空位未充分利用。虽然整体上员工数量不多，但我注意到一些区域如会议室和休息区较为拥挤。为了提高空间利用率和工作氛围，我们可以考虑优化这些区域的布局或安排。如果有任何具体的想法或者需要帮助的地方，请随时告知。让我们共同努力，让我们的办公环境更加舒适高效。"
2026-04-28 22:32:37,332 [INFO] src.agent.agent: Agent 1 received message from Agent 4: "大家好，最近办公室的使用情况显示还有较多空位未充分利用。虽然整体上员工数量不多，但我注意到一些区域如会议室和休息区较为拥挤。为了提高空间利用率和工作氛围，我们可以考虑优化这些区域的布局或安排。如果有任何具体的想法或者需要帮助的地方，请随时告知。让我们共同努力，让我们的办公环境更加舒适高效。"
2026-04-28 22:32:37,333 [INFO] src.agent.agent: Agent 2 received message from Agent 4: "大家好，最近办公室的使用情况显示还有较多空位未充分利用。虽然整体上员工数量不多，但我注意到一些区域如会议室和休息区较为拥挤。为了提高空间利用率和工作氛围，我们可以考虑优化这些区域的布局或安排。如果有任何具体的想法或者需要帮助的地方，请随时告知。让我们共同努力，让我们的办公环境更加舒适高效。"
2026-04-28 22:32:54,467 [INFO] src.simulation: Simulation completed
2026-04-28 22:32:54,472 [INFO] root: ===== Statistics =====
2026-04-28 22:32:54,472 [INFO] root:   mean_occupancy: 1.0
2026-04-28 22:32:54,472 [INFO] root:   std_occupancy: 0.0
2026-04-28 22:32:54,472 [INFO] root:   mean_agents_in_place: 5.0
2026-04-28 22:32:54,472 [INFO] root:   max_agents_in_place: 5
2026-04-28 22:32:54,472 [INFO] root:   min_agents_in_place: 5
2026-04-28 22:32:54,472 [INFO] root:   total_steps: 5
2026-04-28 22:32:54,473 [INFO] root:   place_entry_denied_count: 0
2026-04-28 22:32:54,473 [INFO] root:   memory_evicted_count: 0
2026-04-28 22:32:54,473 [INFO] root:   memory_re_encountered_count: 0
