2026-04-29 21:10:58,803 [INFO] root: config = config/scenario_urban_enterprise.yaml
2026-04-29 21:10:58,804 [INFO] root: output_dir = output/phase3-3_urban_enterprise
2026-04-29 21:10:59,060 [INFO] src.simulation: random_seed = 42 に固定
2026-04-29 21:10:59,061 [INFO] src.simulation: World initialized: 2 place(s) ['main_office', 'meeting_room'] (types: ['office', 'meeting'])
2026-04-29 21:10:59,061 [INFO] src.simulation: Environment: economy=neutral -> "現在、景気は可もなく不可もない。"
2026-04-29 21:10:59,061 [INFO] src.simulation: WorldLaws: comm_radius=4.0, overrides={'meeting_room': 5.0}, cognitive_limit=30
2026-04-29 21:10:59,061 [INFO] src.simulation: Starting simulation...
2026-04-29 21:11:01,214 [INFO] src.simulation: Initializing 10 agents (placement=random_in_place)...
2026-04-29 21:11:01,214 [INFO] src.simulation: Personas generated: 10 agents (都心 × 大企業)
2026-04-29 21:11:01,215 [INFO] src.simulation: Agents initialized
2026-04-29 21:11:43,315 [INFO] src.simulation: Step 1: Agent 0 -> 2 nearby: "Just checking in. Everything seems quiet around here. No immediate concerns that I'm aware of."
2026-04-29 21:11:43,315 [INFO] src.agent.agent: Agent 4 received message from Agent 0: "Just checking in. Everything seems quiet around here. No immediate concerns that I'm aware of."
2026-04-29 21:11:43,319 [INFO] src.agent.agent: Agent 9 received message from Agent 0: "Just checking in. Everything seems quiet around here. No immediate concerns that I'm aware of."
2026-04-29 21:11:43,322 [INFO] src.simulation: Step 1: Agent 1 -> 1 nearby: "大家好，今天办公室的人员密度比平时稍微低一些。我们可以在保证工作效率的同时，也注意保持一定的通风和清洁，共同维护一个健康的工作环境。"
2026-04-29 21:11:43,329 [INFO] src.agent.agent: Agent 7 received message from Agent 1: "大家好，今天办公室的人员密度比平时稍微低一些。我们可以在保证工作效率的同时，也注意保持一定的通风和清洁，共同维护一个健康的工作环境。"
2026-04-29 21:11:43,331 [INFO] src.simulation: Step 1: Agent 3 -> 1 nearby: "大家好，我是佐藤。今天办公室的人员似乎都比较少，目前只有我们一个在场。希望同事们能保持联系，如果有需要讨论的事情或者想要交流，可以随时通过私信或会议的方式找我。"
2026-04-29 21:11:43,331 [INFO] src.agent.agent: Agent 7 received message from Agent 3: "大家好，我是佐藤。今天办公室的人员似乎都比较少，目前只有我们一个在场。希望同事们能保持联系，如果有需要讨论的事情或者想要交流，可以随时通过私信或会议的方式找我。"
2026-04-29 21:11:43,332 [INFO] src.simulation: Step 1: Agent 4 -> 2 nearby: "こんにちは、皆様。今日のオフィスの状況はまだ落ち着いていませんが、適度に動いていると感じます。何かお手伝いできることはありますか？"
2026-04-29 21:11:43,332 [INFO] src.agent.agent: Agent 0 received message from Agent 4: "こんにちは、皆様。今日のオフィスの状況はまだ落ち着いていませんが、適度に動いていると感じます。何かお手伝いできることはありますか？"
2026-04-29 21:11:43,334 [INFO] src.agent.agent: Agent 9 received message from Agent 4: "こんにちは、皆様。今日のオフィスの状況はまだ落ち着いていませんが、適度に動いていると感じます。何かお手伝いできることはありますか？"
2026-04-29 21:11:43,334 [INFO] src.simulation: Step 1: Agent 7 -> 2 nearby: "こんにちは、皆さん。今日の出勤は全体の0.1倍ですね。皆さんの努力が少しずつ会社を支えていると思います。何かお手伝いできることはありますか？"
2026-04-29 21:11:43,334 [INFO] src.agent.agent: Agent 1 received message from Agent 7: "こんにちは、皆さん。今日の出勤は全体の0.1倍ですね。皆さんの努力が少しずつ会社を支えていると思います。何かお手伝いできることはありますか？"
2026-04-29 21:11:43,335 [INFO] src.agent.agent: Agent 3 received message from Agent 7: "こんにちは、皆さん。今日の出勤は全体の0.1倍ですね。皆さんの努力が少しずつ会社を支えていると思います。何かお手伝いできることはありますか？"
2026-04-29 21:11:43,335 [INFO] src.simulation: Step 1: Agent 9 -> 2 nearby: "こんにちは、皆様。今日も元気にお仕事しましょう！"
2026-04-29 21:11:43,335 [INFO] src.agent.agent: Agent 0 received message from Agent 9: "こんにちは、皆様。今日も元気にお仕事しましょう！"
2026-04-29 21:11:43,336 [INFO] src.agent.agent: Agent 4 received message from Agent 9: "こんにちは、皆様。今日も元気にお仕事しましょう！"
2026-04-29 21:13:00,050 [INFO] src.simulation: Step 2: Agent 0 -> 2 nearby: "皆さん、こんにちは。今日のオフィス環境はまだ落ち着いていませんが、適度に動いていると感じます。私たちは一緒に良い状態を維持するために力を合わせましょう。何かお手伝いできることはありますか？"
2026-04-29 21:13:00,050 [INFO] src.agent.agent: Agent 4 received message from Agent 0: "皆さん、こんにちは。今日のオフィス環境はまだ落ち着いていませんが、適度に動いていると感じます。私たちは一緒に良い状態を維持するために力を合わせましょう。何かお手伝いできることはありますか？"
2026-04-29 21:13:00,050 [INFO] src.agent.agent: Agent 9 received message from Agent 0: "皆さん、こんにちは。今日のオフィス環境はまだ落ち着いていませんが、適度に動いていると感じます。私たちは一緒に良い状態を維持するために力を合わせましょう。何かお手伝いできることはありますか？"
2026-04-29 21:13:00,051 [INFO] src.simulation: Step 2: Agent 1 -> 1 nearby: "皆さん、こんにちは。今日の出勤率は全体の10%ですね。皆さんの努力が少しずつ会社を支えています。何かお手伝いできることはありますか？また、最近のプロジェクト進捗状況についても共有できればと思います。"
2026-04-29 21:13:00,051 [INFO] src.agent.agent: Agent 7 received message from Agent 1: "皆さん、こんにちは。今日の出勤率は全体の10%ですね。皆さんの努力が少しずつ会社を支えています。何かお手伝いできることはありますか？また、最近のプロジェクト進捗状況についても共有できればと思います。"
2026-04-29 21:13:00,051 [INFO] src.simulation: Step 2: Agent 3 -> 1 nearby: "こんにちは、皆様。今日の出勤率は全体の10%ですね。各人の努力が少しずつ会社を支えています。何かお手伝いできることはありますか？また、最近のコードレビューで一緒に議論できる機会があれば嬉しいです。"
2026-04-29 21:13:00,051 [INFO] src.agent.agent: Agent 7 received message from Agent 3: "こんにちは、皆様。今日の出勤率は全体の10%ですね。各人の努力が少しずつ会社を支えています。何かお手伝いできることはありますか？また、最近のコードレビューで一緒に議論できる機会があれば嬉しいです。"
2026-04-29 21:13:00,052 [INFO] src.simulation: Step 2: Agent 4 -> 2 nearby: "皆さま、おはようございます！前回の会話を聞いておりました。今日も風光明媚な環境で一緒に働きましょう。何か手伝えることがあれば何でもご連絡ください。"
2026-04-29 21:13:00,052 [INFO] src.agent.agent: Agent 0 received message from Agent 4: "皆さま、おはようございます！前回の会話を聞いておりました。今日も風光明媚な環境で一緒に働きましょう。何か手伝えることがあれば何でもご連絡ください。"
2026-04-29 21:13:00,052 [INFO] src.agent.agent: Agent 9 received message from Agent 4: "皆さま、おはようございます！前回の会話を聞いておりました。今日も風光明媚な環境で一緒に働きましょう。何か手伝えることがあれば何でもご連絡ください。"
2026-04-29 21:13:00,052 [INFO] src.simulation: Step 2: Agent 7 -> 2 nearby: "大家好，在今天的办公环境中，我们观察到人员密度确实有所下降。保持通风和清洁对于维护健康的工作环境至关重要。希望大家继续保持良好的工作状态，并且在需要讨论或交流时可以联系我。"
2026-04-29 21:13:00,054 [INFO] src.agent.agent: Agent 1 received message from Agent 7: "大家好，在今天的办公环境中，我们观察到人员密度确实有所下降。保持通风和清洁对于维护健康的工作环境至关重要。希望大家继续保持良好的工作状态，并且在需要讨论或交流时可以联系我。"
2026-04-29 21:13:00,055 [INFO] src.agent.agent: Agent 3 received message from Agent 7: "大家好，在今天的办公环境中，我们观察到人员密度确实有所下降。保持通风和清洁对于维护健康的工作环境至关重要。希望大家继续保持良好的工作状态，并且在需要讨论或交流时可以联系我。"
2026-04-29 21:13:00,056 [INFO] src.simulation: Step 2: Agent 9 -> 2 nearby: "こんにちは、皆様。今日のオフィス環境はまだ落ち着いていませんが，適度に動いていると感じます。お手伝いできることがあれば何でも教えてください。"
2026-04-29 21:13:00,056 [INFO] src.agent.agent: Agent 0 received message from Agent 9: "こんにちは、皆様。今日のオフィス環境はまだ落ち着いていませんが，適度に動いていると感じます。お手伝いできることがあれば何でも教えてください。"
2026-04-29 21:13:00,057 [INFO] src.agent.agent: Agent 4 received message from Agent 9: "こんにちは、皆様。今日のオフィス環境はまだ落ち着いていませんが，適度に動いていると感じます。お手伝いできることがあれば何でも教えてください。"
2026-04-29 21:14:10,427 [INFO] src.simulation: Step 3: Agent 0 -> 2 nearby: "こんにちは、皆様。おはようございます！前回の会話を聞いておりました。今日も風光明媚な環境で一緒に働きましょう。特に今日は，オフィス内の空気感が少し落ち着いていないように感じます。適度に動くことで、より良い雰囲気になるかもしれません。何か手伝えることがあれば何でも教えてください。"
2026-04-29 21:14:10,427 [INFO] src.agent.agent: Agent 4 received message from Agent 0: "こんにちは、皆様。おはようございます！前回の会話を聞いておりました。今日も風光明媚な環境で一緒に働きましょう。特に今日は，オフィス内の空気感が少し落ち着いていないように感じます。適度に動くことで、より良い雰囲気になるかもしれません。何か手伝えることがあれば何でも教えてください。"
2026-04-29 21:14:10,428 [INFO] src.agent.agent: Agent 9 received message from Agent 0: "こんにちは、皆様。おはようございます！前回の会話を聞いておりました。今日も風光明媚な環境で一緒に働きましょう。特に今日は，オフィス内の空気感が少し落ち着いていないように感じます。適度に動くことで、より良い雰囲気になるかもしれません。何か手伝えることがあれば何でも教えてください。"
2026-04-29 21:14:10,429 [INFO] src.simulation: Step 3: Agent 1 -> 1 nearby: "こんにちは、皆様。今日の出勤状況を見ると、全体の10%程度ですね。少し落ち着いた感じがしますが、人員配置に配慮し、より効率的な業務運営を心掛けていきたいと思います。もし何かお手伝いが必要な場合は、いつでもお知らせください。"
2026-04-29 21:14:10,429 [INFO] src.agent.agent: Agent 7 received message from Agent 1: "こんにちは、皆様。今日の出勤状況を見ると、全体の10%程度ですね。少し落ち着いた感じがしますが、人員配置に配慮し、より効率的な業務運営を心掛けていきたいと思います。もし何かお手伝いが必要な場合は、いつでもお知らせください。"
2026-04-29 21:14:10,429 [INFO] src.simulation: Step 3: Agent 3 -> 1 nearby: "大家好，今天办公室的人员密度确实有所下降。保持良好的通风和清洁对于我们的健康工作环境至关重要。希望大家继续保持积极的工作态度，并且在遇到问题时可以随时联系我。"
2026-04-29 21:14:10,430 [INFO] src.agent.agent: Agent 7 received message from Agent 3: "大家好，今天办公室的人员密度确实有所下降。保持良好的通风和清洁对于我们的健康工作环境至关重要。希望大家继续保持积极的工作态度，并且在遇到问题时可以随时联系我。"
2026-04-29 21:14:10,431 [INFO] src.simulation: Step 3: Agent 4 -> 2 nearby: "皆様、こんにちは。今日のオフィス環境はまだ落ち着いていませんが，適度に動いていると感じます。私たちは一緒に良い状態を維持するために力を合わせましょう。何かお手伝いできることはありますか？"
2026-04-29 21:14:10,431 [INFO] src.agent.agent: Agent 0 received message from Agent 4: "皆様、こんにちは。今日のオフィス環境はまだ落ち着いていませんが，適度に動いていると感じます。私たちは一緒に良い状態を維持するために力を合わせましょう。何かお手伝いできることはありますか？"
2026-04-29 21:14:10,432 [INFO] src.agent.agent: Agent 9 received message from Agent 4: "皆様、こんにちは。今日のオフィス環境はまだ落ち着いていませんが，適度に動いていると感じます。私たちは一緒に良い状態を維持するために力を合わせましょう。何かお手伝いできることはありますか？"
2026-04-29 21:14:10,432 [INFO] src.simulation: Step 3: Agent 7 -> 2 nearby: "皆様こんにちは。今日の出勤率は10%と非常に低いですね。各人が頑張っているおかげで、まだ会社が維持できています。もし何かお手伝いできることがあれば教えてください。また、コードレビューについても共有できればと思います。"
2026-04-29 21:14:10,432 [INFO] src.agent.agent: Agent 1 received message from Agent 7: "皆様こんにちは。今日の出勤率は10%と非常に低いですね。各人が頑張っているおかげで、まだ会社が維持できています。もし何かお手伝いできることがあれば教えてください。また、コードレビューについても共有できればと思います。"
2026-04-29 21:14:10,433 [INFO] src.agent.agent: Agent 3 received message from Agent 7: "皆様こんにちは。今日の出勤率は10%と非常に低いですね。各人が頑張っているおかげで、まだ会社が維持できています。もし何かお手伝いできることがあれば教えてください。また、コードレビューについても共有できればと思います。"
2026-04-29 21:14:10,433 [INFO] src.simulation: Step 3: Agent 9 -> 2 nearby: "皆様、こんにちは。今日のオフィス環境はまだ少し緊張感がありましたが，適度に動いていると感じます．風光明媚な状態で一緒に働きましょう．何かお手伝いできることはありますか？"
2026-04-29 21:14:10,433 [INFO] src.agent.agent: Agent 0 received message from Agent 9: "皆様、こんにちは。今日のオフィス環境はまだ少し緊張感がありましたが，適度に動いていると感じます．風光明媚な状態で一緒に働きましょう．何かお手伝いできることはありますか？"
2026-04-29 21:14:10,434 [INFO] src.agent.agent: Agent 4 received message from Agent 9: "皆様、こんにちは。今日のオフィス環境はまだ少し緊張感がありましたが，適度に動いていると感じます．風光明媚な状態で一緒に働きましょう．何かお手伝いできることはありますか？"
2026-04-29 21:15:36,814 [INFO] src.simulation: Step 4: Agent 0 -> 2 nearby: "こんにちは、皆様。今日のオフィス環境はまだ落ち着いていませんが，適度に動いていると感じます。私たちは一緒に良い状態を維持するために力を合わせましょう。何かお手伝いできることはありますか？"
2026-04-29 21:15:36,814 [INFO] src.agent.agent: Agent 4 received message from Agent 0: "こんにちは、皆様。今日のオフィス環境はまだ落ち着いていませんが，適度に動いていると感じます。私たちは一緒に良い状態を維持するために力を合わせましょう。何かお手伝いできることはありますか？"
2026-04-29 21:15:36,815 [INFO] src.agent.agent: Agent 9 received message from Agent 0: "こんにちは、皆様。今日のオフィス環境はまだ落ち着いていませんが，適度に動いていると感じます。私たちは一緒に良い状態を維持するために力を合わせましょう。何かお手伝いできることはありますか？"
2026-04-29 21:15:36,816 [INFO] src.simulation: Step 4: Agent 1 -> 1 nearby: "こんにちは、皆様。今日の出勤率が10%と非常に低い状況です。各人が頑張っているおかげでまだ会社を維持できていますが，引き続き注意が必要です。もし何かお手伝いできることがあれば教えてください。"
2026-04-29 21:15:36,816 [INFO] src.agent.agent: Agent 7 received message from Agent 1: "こんにちは、皆様。今日の出勤率が10%と非常に低い状況です。各人が頑張っているおかげでまだ会社を維持できていますが，引き続き注意が必要です。もし何かお手伝いできることがあれば教えてください。"
2026-04-29 21:15:36,817 [INFO] src.simulation: Step 4: Agent 3 -> 1 nearby: "大家好，今天办公室的人员密度确实有所下降。我想借此机会提醒大家继续保持良好的通风和清洁习惯，这对我们的健康和工作效率都非常重要。如果在工作中遇到任何问题或需要帮助，请随时联系我。"
2026-04-29 21:15:36,817 [INFO] src.agent.agent: Agent 7 received message from Agent 3: "大家好，今天办公室的人员密度确实有所下降。我想借此机会提醒大家继续保持良好的通风和清洁习惯，这对我们的健康和工作效率都非常重要。如果在工作中遇到任何问题或需要帮助，请随时联系我。"
2026-04-29 21:15:36,818 [INFO] src.simulation: Step 4: Agent 4 -> 2 nearby: "こんにちは、皆様。前回の会話を聞いておりました。今日も風光明媚な環境で一緒に働きましょう。特に今日は，オフィス内の空気感が少し落ち着いていないように感じます。適度に動くことで，より良い雰囲気になるかもしれません。何かお手伝いできることはありますか？"
2026-04-29 21:15:36,818 [INFO] src.agent.agent: Agent 0 received message from Agent 4: "こんにちは、皆様。前回の会話を聞いておりました。今日も風光明媚な環境で一緒に働きましょう。特に今日は，オフィス内の空気感が少し落ち着いていないように感じます。適度に動くことで，より良い雰囲気になるかもしれません。何かお手伝いできることはありますか？"
2026-04-29 21:15:36,818 [INFO] src.agent.agent: Agent 9 received message from Agent 4: "こんにちは、皆様。前回の会話を聞いておりました。今日も風光明媚な環境で一緒に働きましょう。特に今日は，オフィス内の空気感が少し落ち着いていないように感じます。適度に動くことで，より良い雰囲気になるかもしれません。何かお手伝いできることはありますか？"
2026-04-29 21:15:36,819 [INFO] src.simulation: Step 4: Agent 7 -> 2 nearby: "こんにちは、皆様。今日の出勤状況を見ると、全体の10%程度ですね。少し落ち着いた感じがしますが，それでも私たちの努力が会社を支えていることを忘れないでください。また，最近コードレビューでの議論についてもお聞きになりたいと思います。"
2026-04-29 21:15:36,819 [INFO] src.agent.agent: Agent 1 received message from Agent 7: "こんにちは、皆様。今日の出勤状況を見ると、全体の10%程度ですね。少し落ち着いた感じがしますが，それでも私たちの努力が会社を支えていることを忘れないでください。また，最近コードレビューでの議論についてもお聞きになりたいと思います。"
2026-04-29 21:15:36,819 [INFO] src.agent.agent: Agent 3 received message from Agent 7: "こんにちは、皆様。今日の出勤状況を見ると、全体の10%程度ですね。少し落ち着いた感じがしますが，それでも私たちの努力が会社を支えていることを忘れないでください。また，最近コードレビューでの議論についてもお聞きになりたいと思います。"
2026-04-29 21:15:36,820 [INFO] src.simulation: Step 4: Agent 9 -> 2 nearby: "こんにちは、皆様。前回の会話を聞いておりました。今日も風光明媚な環境で一緒に働きましょう。私自身は特に今日はオフィス内の空気感が少し落ち着いていないように感じています。適度に動くことで、より良い雰囲気になるかもしれません。何か手伝えることがあれば何でも教えてください。"
2026-04-29 21:15:36,820 [INFO] src.agent.agent: Agent 0 received message from Agent 9: "こんにちは、皆様。前回の会話を聞いておりました。今日も風光明媚な環境で一緒に働きましょう。私自身は特に今日はオフィス内の空気感が少し落ち着いていないように感じています。適度に動くことで、より良い雰囲気になるかもしれません。何か手伝えることがあれば何でも教えてください。"
2026-04-29 21:15:36,821 [INFO] src.agent.agent: Agent 4 received message from Agent 9: "こんにちは、皆様。前回の会話を聞いておりました。今日も風光明媚な環境で一緒に働きましょう。私自身は特に今日はオフィス内の空気感が少し落ち着いていないように感じています。適度に動くことで、より良い雰囲気になるかもしれません。何か手伝えることがあれば何でも教えてください。"
2026-04-29 21:16:48,170 [INFO] src.simulation: Step 5: Agent 0 -> 2 nearby: "こんにちは、皆様。前回の会話を聞いておりました。今日も風光明媚な環境で一緒に働きましょう。特に今日は，オフィス内の空気感が少し落ち着いていないように感じます。適度に動くことで，より良い雰囲気になるかもしれません。何かお手伝いできることはありますか？"
2026-04-29 21:16:48,170 [INFO] src.agent.agent: Agent 4 received message from Agent 0: "こんにちは、皆様。前回の会話を聞いておりました。今日も風光明媚な環境で一緒に働きましょう。特に今日は，オフィス内の空気感が少し落ち着いていないように感じます。適度に動くことで，より良い雰囲気になるかもしれません。何かお手伝いできることはありますか？"
2026-04-29 21:16:48,172 [INFO] src.agent.agent: Agent 9 received message from Agent 0: "こんにちは、皆様。前回の会話を聞いておりました。今日も風光明媚な環境で一緒に働きましょう。特に今日は，オフィス内の空気感が少し落ち着いていないように感じます。適度に動くことで，より良い雰囲気になるかもしれません。何かお手伝いできることはありますか？"
2026-04-29 21:16:48,172 [INFO] src.simulation: Step 5: Agent 1 -> 1 nearby: "大家好，在今天的办公环境中，我们观察到人员密度确实有所下降。保持通风和清洁对于维护健康的工作环境至关重要。希望大家继续保持良好的工作状态，并且在需要讨论或交流时可以联系我。"
2026-04-29 21:16:48,173 [INFO] src.agent.agent: Agent 7 received message from Agent 1: "大家好，在今天的办公环境中，我们观察到人员密度确实有所下降。保持通风和清洁对于维护健康的工作环境至关重要。希望大家继续保持良好的工作状态，并且在需要讨论或交流时可以联系我。"
2026-04-29 21:16:48,174 [INFO] src.simulation: Step 5: Agent 3 -> 1 nearby: "皆様こんにちは。今日の出勤率が10%と非常に低い状況に感じます。特に最近の新型コロナウイルスの流行により、チームの士気も下がっているように感じられます。しかし、私たちは互いに支え合いながら、良い環境を作り続けています。もし何かお手伝いできることがあれば、何でも教えてください。"
2026-04-29 21:16:48,174 [INFO] src.agent.agent: Agent 7 received message from Agent 3: "皆様こんにちは。今日の出勤率が10%と非常に低い状況に感じます。特に最近の新型コロナウイルスの流行により、チームの士気も下がっているように感じられます。しかし、私たちは互いに支え合いながら、良い環境を作り続けています。もし何かお手伝いできることがあれば、何でも教えてください。"
2026-04-29 21:16:48,174 [INFO] src.simulation: Step 5: Agent 4 -> 2 nearby: "こんにちは、皆様。今日のオフィス環境はまだ少し緊張感がありましたが，適度に動いていると感じます．風光明媚な状態で一緒に働きましょう。私自身も今日は少し落ち着いていないように感じていますが，適度な交流と行動により、より良い雰囲気を作り上げられることを期待しています。"
2026-04-29 21:16:48,175 [INFO] src.agent.agent: Agent 0 received message from Agent 4: "こんにちは、皆様。今日のオフィス環境はまだ少し緊張感がありましたが，適度に動いていると感じます．風光明媚な状態で一緒に働きましょう。私自身も今日は少し落ち着いていないように感じていますが，適度な交流と行動により、より良い雰囲気を作り上げられることを期待しています。"
2026-04-29 21:16:48,175 [INFO] src.agent.agent: Agent 9 received message from Agent 4: "こんにちは、皆様。今日のオフィス環境はまだ少し緊張感がありましたが，適度に動いていると感じます．風光明媚な状態で一緒に働きましょう。私自身も今日は少し落ち着いていないように感じていますが，適度な交流と行動により、より良い雰囲気を作り上げられることを期待しています。"
2026-04-29 21:16:48,176 [INFO] src.simulation: Step 5: Agent 7 -> 2 nearby: "こんにちは、皆様。今日の出勤率が10%と非常に低い状況です。全体的に良い環境を作り続けるためには、常に清潔で健康的な空間を維持することが重要です。もし何かお手伝いできることがあれば教えてください。"
2026-04-29 21:16:48,176 [INFO] src.agent.agent: Agent 1 received message from Agent 7: "こんにちは、皆様。今日の出勤率が10%と非常に低い状況です。全体的に良い環境を作り続けるためには、常に清潔で健康的な空間を維持することが重要です。もし何かお手伝いできることがあれば教えてください。"
2026-04-29 21:16:48,176 [INFO] src.agent.agent: Agent 3 received message from Agent 7: "こんにちは、皆様。今日の出勤率が10%と非常に低い状況です。全体的に良い環境を作り続けるためには、常に清潔で健康的な空間を維持することが重要です。もし何かお手伝いできることがあれば教えてください。"
2026-04-29 21:16:48,177 [INFO] src.simulation: Step 5: Agent 9 -> 2 nearby: "こんにちは、皆様。前回の会話を聞いておりました。今日も風光明媚な環境で一緒に働きましょう。特に今日は，オフィス内の空気感が少し落ち着いていないように感じます。適度に動くことで，より良い雰囲気になるかもしれません。何かお手伝いできることはありますか？"
2026-04-29 21:16:48,177 [INFO] src.agent.agent: Agent 0 received message from Agent 9: "こんにちは、皆様。前回の会話を聞いておりました。今日も風光明媚な環境で一緒に働きましょう。特に今日は，オフィス内の空気感が少し落ち着いていないように感じます。適度に動くことで，より良い雰囲気になるかもしれません。何かお手伝いできることはありますか？"
2026-04-29 21:16:48,177 [INFO] src.agent.agent: Agent 4 received message from Agent 9: "こんにちは、皆様。前回の会話を聞いておりました。今日も風光明媚な環境で一緒に働きましょう。特に今日は，オフィス内の空気感が少し落ち着いていないように感じます。適度に動くことで，より良い雰囲気になるかもしれません。何かお手伝いできることはありますか？"
2026-04-29 21:17:22,874 [INFO] src.simulation: Simulation completed
2026-04-29 21:17:22,878 [INFO] root: ===== Statistics =====
2026-04-29 21:17:22,878 [INFO] root:   mean_occupancy: 0.9800000000000001
2026-04-29 21:17:22,878 [INFO] root:   std_occupancy: 0.039999999999999994
2026-04-29 21:17:22,879 [INFO] root:   mean_agents_in_place: 9.8
2026-04-29 21:17:22,879 [INFO] root:   max_agents_in_place: 10
2026-04-29 21:17:22,879 [INFO] root:   min_agents_in_place: 9
2026-04-29 21:17:22,879 [INFO] root:   total_steps: 5
2026-04-29 21:17:22,879 [INFO] root:   place_entry_denied_count: 0
2026-04-29 21:17:22,879 [INFO] root:   memory_evicted_count: 0
2026-04-29 21:17:22,879 [INFO] root:   memory_re_encountered_count: 0
