2026-04-29 21:17:51,489 [INFO] root: config = config/scenario_urban_startup.yaml
2026-04-29 21:17:51,489 [INFO] root: output_dir = output/phase3-3_urban_startup
2026-04-29 21:17:51,514 [INFO] src.simulation: random_seed = 42 に固定
2026-04-29 21:17:51,514 [INFO] src.simulation: World initialized: 2 place(s) ['main_office', 'meeting_room'] (types: ['office', 'meeting'])
2026-04-29 21:17:51,514 [INFO] src.simulation: Environment: economy=neutral -> "現在、景気は可もなく不可もない。"
2026-04-29 21:17:51,514 [INFO] src.simulation: WorldLaws: comm_radius=8.0, overrides={'meeting_room': 5.0}, cognitive_limit=10
2026-04-29 21:17:51,514 [INFO] src.simulation: Starting simulation...
2026-04-29 21:17:53,583 [INFO] src.simulation: Initializing 5 agents (placement=random_in_place)...
2026-04-29 21:17:53,583 [INFO] src.simulation: Personas generated: 5 agents (都心 × スタートアップ)
2026-04-29 21:17:53,584 [INFO] src.simulation: Agents initialized
2026-04-29 21:18:09,576 [INFO] src.simulation: Step 1: Agent 0 -> 2 nearby: "Hi everyone! Just wanted to check in and see how things are going. Everything seems pretty normal here in the office so far."
2026-04-29 21:18:09,576 [INFO] src.agent.agent: Agent 2 received message from Agent 0: "Hi everyone! Just wanted to check in and see how things are going. Everything seems pretty normal here in the office so far."
2026-04-29 21:18:09,579 [INFO] src.agent.agent: Agent 3 received message from Agent 0: "Hi everyone! Just wanted to check in and see how things are going. Everything seems pretty normal here in the office so far."
2026-04-29 21:18:09,579 [INFO] src.simulation: Step 1: Agent 1 -> 3 nearby: "こんにちは、皆様。今日も一日頑張りましょう。办公室の状況は良好で、少し静かな感じがします。何かお手伝いできることはありますか？"
2026-04-29 21:18:09,581 [INFO] src.agent.agent: Agent 2 received message from Agent 1: "こんにちは、皆様。今日も一日頑張りましょう。办公室の状況は良好で、少し静かな感じがします。何かお手伝いできることはありますか？"
2026-04-29 21:18:09,583 [INFO] src.agent.agent: Agent 3 received message from Agent 1: "こんにちは、皆様。今日も一日頑張りましょう。办公室の状況は良好で、少し静かな感じがします。何かお手伝いできることはありますか？"
2026-04-29 21:18:09,584 [INFO] src.agent.agent: Agent 4 received message from Agent 1: "こんにちは、皆様。今日も一日頑張りましょう。办公室の状況は良好で、少し静かな感じがします。何かお手伝いできることはありますか？"
2026-04-29 21:18:09,585 [INFO] src.simulation: Step 1: Agent 2 -> 4 nearby: "大家好，我是来自main_office的山田。虽然现在办公室的人数不多，但我们依然保持良好的工作氛围和团队协作精神。如果有任何需要分享的想法或讨论的话题，欢迎随时交流。"
2026-04-29 21:18:09,585 [INFO] src.agent.agent: Agent 0 received message from Agent 2: "大家好，我是来自main_office的山田。虽然现在办公室的人数不多，但我们依然保持良好的工作氛围和团队协作精神。如果有任何需要分享的想法或讨论的话题，欢迎随时交流。"
2026-04-29 21:18:09,586 [INFO] src.agent.agent: Agent 1 received message from Agent 2: "大家好，我是来自main_office的山田。虽然现在办公室的人数不多，但我们依然保持良好的工作氛围和团队协作精神。如果有任何需要分享的想法或讨论的话题，欢迎随时交流。"
2026-04-29 21:18:09,588 [INFO] src.agent.agent: Agent 3 received message from Agent 2: "大家好，我是来自main_office的山田。虽然现在办公室的人数不多，但我们依然保持良好的工作氛围和团队协作精神。如果有任何需要分享的想法或讨论的话题，欢迎随时交流。"
2026-04-29 21:18:09,589 [INFO] src.agent.agent: Agent 4 received message from Agent 2: "大家好，我是来自main_office的山田。虽然现在办公室的人数不多，但我们依然保持良好的工作氛围和团队协作精神。如果有任何需要分享的想法或讨论的话题，欢迎随时交流。"
2026-04-29 21:18:09,590 [INFO] src.simulation: Step 1: Agent 3 -> 3 nearby: "こんにちは、皆様。今日のオフィスの状況は良好です。少し落ち着いた感じがしますね。何かお手伝いできることがあれば何でもお知らせください。"
2026-04-29 21:18:09,590 [INFO] src.agent.agent: Agent 0 received message from Agent 3: "こんにちは、皆様。今日のオフィスの状況は良好です。少し落ち着いた感じがしますね。何かお手伝いできることがあれば何でもお知らせください。"
2026-04-29 21:18:09,591 [INFO] src.agent.agent: Agent 1 received message from Agent 3: "こんにちは、皆様。今日のオフィスの状況は良好です。少し落ち着いた感じがしますね。何かお手伝いできることがあれば何でもお知らせください。"
2026-04-29 21:18:09,592 [INFO] src.agent.agent: Agent 2 received message from Agent 3: "こんにちは、皆様。今日のオフィスの状況は良好です。少し落ち着いた感じがしますね。何かお手伝いできることがあれば何でもお知らせください。"
2026-04-29 21:18:09,592 [INFO] src.simulation: Step 1: Agent 4 -> 2 nearby: "大家好，今天办公室里还算平静。天气不错，希望大家继续保持积极的工作态度。"
2026-04-29 21:18:09,593 [INFO] src.agent.agent: Agent 1 received message from Agent 4: "大家好，今天办公室里还算平静。天气不错，希望大家继续保持积极的工作态度。"
2026-04-29 21:18:09,594 [INFO] src.agent.agent: Agent 2 received message from Agent 4: "大家好，今天办公室里还算平静。天气不错，希望大家继续保持积极的工作态度。"
2026-04-29 21:18:41,850 [INFO] src.simulation: Step 2: Agent 0 -> 2 nearby: "大家好，我注意到我们办公室目前的氛围有些沉静。虽然人数不多，但保持良好的工作状态和团队协作非常重要。如果大家有新的想法或讨论的话题，我很乐意参与进来。"
2026-04-29 21:18:41,850 [INFO] src.agent.agent: Agent 2 received message from Agent 0: "大家好，我注意到我们办公室目前的氛围有些沉静。虽然人数不多，但保持良好的工作状态和团队协作非常重要。如果大家有新的想法或讨论的话题，我很乐意参与进来。"
2026-04-29 21:18:41,852 [INFO] src.agent.agent: Agent 3 received message from Agent 0: "大家好，我注意到我们办公室目前的氛围有些沉静。虽然人数不多，但保持良好的工作状态和团队协作非常重要。如果大家有新的想法或讨论的话题，我很乐意参与进来。"
2026-04-29 21:18:41,854 [INFO] src.simulation: Step 2: Agent 1 -> 3 nearby: "大家好，目前我们在main_office工作感觉一切正常，办公室的氛围依然保持得不错。天气也很好，希望大家继续保持积极的工作态度。"
2026-04-29 21:18:41,854 [INFO] src.agent.agent: Agent 2 received message from Agent 1: "大家好，目前我们在main_office工作感觉一切正常，办公室的氛围依然保持得不错。天气也很好，希望大家继续保持积极的工作态度。"
2026-04-29 21:18:41,856 [INFO] src.agent.agent: Agent 3 received message from Agent 1: "大家好，目前我们在main_office工作感觉一切正常，办公室的氛围依然保持得不错。天气也很好，希望大家继续保持积极的工作态度。"
2026-04-29 21:18:41,858 [INFO] src.agent.agent: Agent 4 received message from Agent 1: "大家好，目前我们在main_office工作感觉一切正常，办公室的氛围依然保持得不错。天气也很好，希望大家继续保持积极的工作态度。"
2026-04-29 21:18:41,860 [INFO] src.simulation: Step 2: Agent 2 -> 4 nearby: "大家好，今天的办公环境依然保持良好状态，只是略显安静。天气晴朗，希望大家继续保持积极的工作态度。"
2026-04-29 21:18:41,860 [INFO] src.agent.agent: Agent 0 received message from Agent 2: "大家好，今天的办公环境依然保持良好状态，只是略显安静。天气晴朗，希望大家继续保持积极的工作态度。"
2026-04-29 21:18:41,862 [INFO] src.agent.agent: Agent 1 received message from Agent 2: "大家好，今天的办公环境依然保持良好状态，只是略显安静。天气晴朗，希望大家继续保持积极的工作态度。"
2026-04-29 21:18:41,864 [INFO] src.agent.agent: Agent 3 received message from Agent 2: "大家好，今天的办公环境依然保持良好状态，只是略显安静。天气晴朗，希望大家继续保持积极的工作态度。"
2026-04-29 21:18:41,865 [INFO] src.agent.agent: Agent 4 received message from Agent 2: "大家好，今天的办公环境依然保持良好状态，只是略显安静。天气晴朗，希望大家继续保持积极的工作态度。"
2026-04-29 21:18:41,866 [INFO] src.simulation: Step 2: Agent 3 -> 3 nearby: "こんにちは、皆様。今日の办公室虽然人不多，但氛围依然很好。我们一起保持这种积极的工作状态吧！如果有任何想法或需要讨论的问题，请随时与我分享。"
2026-04-29 21:18:41,867 [INFO] src.agent.agent: Agent 0 received message from Agent 3: "こんにちは、皆様。今日の办公室虽然人不多，但氛围依然很好。我们一起保持这种积极的工作状态吧！如果有任何想法或需要讨论的问题，请随时与我分享。"
2026-04-29 21:18:41,867 [INFO] src.agent.agent: Agent 1 received message from Agent 3: "こんにちは、皆様。今日の办公室虽然人不多，但氛围依然很好。我们一起保持这种积极的工作状态吧！如果有任何想法或需要讨论的问题，请随时与我分享。"
2026-04-29 21:18:41,868 [INFO] src.agent.agent: Agent 2 received message from Agent 3: "こんにちは、皆様。今日の办公室虽然人不多，但氛围依然很好。我们一起保持这种积极的工作状态吧！如果有任何想法或需要讨论的问题，请随时与我分享。"
2026-04-29 21:18:41,869 [INFO] src.simulation: Step 2: Agent 4 -> 2 nearby: "大家好，我是来自main_office的斎藤。虽然现在办公室的人数不多，但整体氛围依然保持得不错。如果有任何需要分享的想法或讨论的话题，我很乐意参与其中。希望我们继续保持良好的工作状态。"
2026-04-29 21:18:41,870 [INFO] src.agent.agent: Agent 1 received message from Agent 4: "大家好，我是来自main_office的斎藤。虽然现在办公室的人数不多，但整体氛围依然保持得不错。如果有任何需要分享的想法或讨论的话题，我很乐意参与其中。希望我们继续保持良好的工作状态。"
2026-04-29 21:18:41,871 [INFO] src.agent.agent: Agent 2 received message from Agent 4: "大家好，我是来自main_office的斎藤。虽然现在办公室的人数不多，但整体氛围依然保持得不错。如果有任何需要分享的想法或讨论的话题，我很乐意参与其中。希望我们继续保持良好的工作状态。"
2026-04-29 21:19:14,910 [INFO] src.simulation: Step 3: Agent 0 -> 2 nearby: "大家好，今天办公室虽然人不多，但氛围依然很好。天气晴朗，希望大家继续保持积极的工作态度。如果有什么想法或需要讨论的问题，请随时与我分享。"
2026-04-29 21:19:14,911 [INFO] src.agent.agent: Agent 2 received message from Agent 0: "大家好，今天办公室虽然人不多，但氛围依然很好。天气晴朗，希望大家继续保持积极的工作态度。如果有什么想法或需要讨论的问题，请随时与我分享。"
2026-04-29 21:19:14,912 [INFO] src.agent.agent: Agent 3 received message from Agent 0: "大家好，今天办公室虽然人不多，但氛围依然很好。天气晴朗，希望大家继续保持积极的工作态度。如果有什么想法或需要讨论的问题，请随时与我分享。"
2026-04-29 21:19:14,912 [INFO] src.simulation: Step 3: Agent 1 -> 3 nearby: "大家好，我在main_office观察到今天的氛围依然保持得很好，尽管人不多，但大家都表现得非常积极。希望继续保持这种良好的工作状态。"
2026-04-29 21:19:14,913 [INFO] src.agent.agent: Agent 2 received message from Agent 1: "大家好，我在main_office观察到今天的氛围依然保持得很好，尽管人不多，但大家都表现得非常积极。希望继续保持这种良好的工作状态。"
2026-04-29 21:19:14,914 [INFO] src.agent.agent: Agent 3 received message from Agent 1: "大家好，我在main_office观察到今天的氛围依然保持得很好，尽管人不多，但大家都表现得非常积极。希望继续保持这种良好的工作状态。"
2026-04-29 21:19:14,915 [INFO] src.agent.agent: Agent 4 received message from Agent 1: "大家好，我在main_office观察到今天的氛围依然保持得很好，尽管人不多，但大家都表现得非常积极。希望继续保持这种良好的工作状态。"
2026-04-29 21:19:14,916 [INFO] src.simulation: Step 3: Agent 2 -> 4 nearby: "こんにちは、皆様。今日のmain_officeは人気があり、しかし全体的に良い雰囲気を維持しています。私自身も気持ちがよいです！もし何か問題があればすぐに連絡してください。"
2026-04-29 21:19:14,916 [INFO] src.agent.agent: Agent 0 received message from Agent 2: "こんにちは、皆様。今日のmain_officeは人気があり、しかし全体的に良い雰囲気を維持しています。私自身も気持ちがよいです！もし何か問題があればすぐに連絡してください。"
2026-04-29 21:19:14,916 [INFO] src.agent.agent: Agent 1 received message from Agent 2: "こんにちは、皆様。今日のmain_officeは人気があり、しかし全体的に良い雰囲気を維持しています。私自身も気持ちがよいです！もし何か問題があればすぐに連絡してください。"
2026-04-29 21:19:14,916 [INFO] src.agent.agent: Agent 3 received message from Agent 2: "こんにちは、皆様。今日のmain_officeは人気があり、しかし全体的に良い雰囲気を維持しています。私自身も気持ちがよいです！もし何か問題があればすぐに連絡してください。"
2026-04-29 21:19:14,918 [INFO] src.agent.agent: Agent 4 received message from Agent 2: "こんにちは、皆様。今日のmain_officeは人気があり、しかし全体的に良い雰囲気を維持しています。私自身も気持ちがよいです！もし何か問題があればすぐに連絡してください。"
2026-04-29 21:19:14,918 [INFO] src.simulation: Step 3: Agent 3 -> 3 nearby: "大家好，目前我们在main_office的氛围保持得不错，虽然人数不多，但大家都精神饱满。天气晴朗，希望大家继续保持积极的工作态度和团队合作。如果有任何新想法或讨论的话题，我很乐意参与进来。"
2026-04-29 21:19:14,919 [INFO] src.agent.agent: Agent 0 received message from Agent 3: "大家好，目前我们在main_office的氛围保持得不错，虽然人数不多，但大家都精神饱满。天气晴朗，希望大家继续保持积极的工作态度和团队合作。如果有任何新想法或讨论的话题，我很乐意参与进来。"
2026-04-29 21:19:14,920 [INFO] src.agent.agent: Agent 1 received message from Agent 3: "大家好，目前我们在main_office的氛围保持得不错，虽然人数不多，但大家都精神饱满。天气晴朗，希望大家继续保持积极的工作态度和团队合作。如果有任何新想法或讨论的话题，我很乐意参与进来。"
2026-04-29 21:19:14,922 [INFO] src.agent.agent: Agent 2 received message from Agent 3: "大家好，目前我们在main_office的氛围保持得不错，虽然人数不多，但大家都精神饱满。天气晴朗，希望大家继续保持积极的工作态度和团队合作。如果有任何新想法或讨论的话题，我很乐意参与进来。"
2026-04-29 21:19:14,924 [INFO] src.simulation: Step 3: Agent 4 -> 2 nearby: "大家好，在今天的观察中，办公室的气氛依然保持得不错，只是略显安静。天气晴朗，希望大家继续保持积极的工作态度。如果有任何想法或需要讨论的话题，请随时与我联系。"
2026-04-29 21:19:14,924 [INFO] src.agent.agent: Agent 1 received message from Agent 4: "大家好，在今天的观察中，办公室的气氛依然保持得不错，只是略显安静。天气晴朗，希望大家继续保持积极的工作态度。如果有任何想法或需要讨论的话题，请随时与我联系。"
2026-04-29 21:19:14,925 [INFO] src.agent.agent: Agent 2 received message from Agent 4: "大家好，在今天的观察中，办公室的气氛依然保持得不错，只是略显安静。天气晴朗，希望大家继续保持积极的工作态度。如果有任何想法或需要讨论的话题，请随时与我联系。"
2026-04-29 21:19:49,465 [INFO] src.simulation: Step 4: Agent 0 -> 2 nearby: "大家好，目前在main_office的氛围确实不错，尽管人不多，但大家都精神饱满。天气晴朗，希望继续保持这种积极的工作态度和团队合作。如果有任何新想法或讨论的话题，我很乐意参与进来。"
2026-04-29 21:19:49,465 [INFO] src.agent.agent: Agent 2 received message from Agent 0: "大家好，目前在main_office的氛围确实不错，尽管人不多，但大家都精神饱满。天气晴朗，希望继续保持这种积极的工作态度和团队合作。如果有任何新想法或讨论的话题，我很乐意参与进来。"
2026-04-29 21:19:49,466 [INFO] src.agent.agent: Agent 3 received message from Agent 0: "大家好，目前在main_office的氛围确实不错，尽管人不多，但大家都精神饱满。天气晴朗，希望继续保持这种积极的工作态度和团队合作。如果有任何新想法或讨论的话题，我很乐意参与进来。"
2026-04-29 21:19:49,466 [INFO] src.simulation: Step 4: Agent 1 -> 3 nearby: "大家好，今天在main_office的氛围继续保持得不错。虽然人数不多，但大家都精神饱满。天气晴朗，希望大家继续保持积极的工作态度和团队合作。如果有任何新想法或讨论的话题，我很乐意参与进来。"
2026-04-29 21:19:49,468 [INFO] src.agent.agent: Agent 2 received message from Agent 1: "大家好，今天在main_office的氛围继续保持得不错。虽然人数不多，但大家都精神饱满。天气晴朗，希望大家继续保持积极的工作态度和团队合作。如果有任何新想法或讨论的话题，我很乐意参与进来。"
2026-04-29 21:19:49,469 [INFO] src.agent.agent: Agent 3 received message from Agent 1: "大家好，今天在main_office的氛围继续保持得不错。虽然人数不多，但大家都精神饱满。天气晴朗，希望大家继续保持积极的工作态度和团队合作。如果有任何新想法或讨论的话题，我很乐意参与进来。"
2026-04-29 21:19:49,470 [INFO] src.agent.agent: Agent 4 received message from Agent 1: "大家好，今天在main_office的氛围继续保持得不错。虽然人数不多，但大家都精神饱满。天气晴朗，希望大家继续保持积极的工作态度和团队合作。如果有任何新想法或讨论的话题，我很乐意参与进来。"
2026-04-29 21:19:49,471 [INFO] src.simulation: Step 4: Agent 2 -> 4 nearby: "大家好，在今天的观察中，办公室的氛围依然保持得不错。尽管人不多，但大家都表现得很积极。天气晴朗，希望大家继续保持这种良好的工作状态和团队合作。如果有任何新想法或讨论的话题，我很乐意参与进来。"
2026-04-29 21:19:49,471 [INFO] src.agent.agent: Agent 0 received message from Agent 2: "大家好，在今天的观察中，办公室的氛围依然保持得不错。尽管人不多，但大家都表现得很积极。天气晴朗，希望大家继续保持这种良好的工作状态和团队合作。如果有任何新想法或讨论的话题，我很乐意参与进来。"
2026-04-29 21:19:49,472 [INFO] src.agent.agent: Agent 1 received message from Agent 2: "大家好，在今天的观察中，办公室的氛围依然保持得不错。尽管人不多，但大家都表现得很积极。天气晴朗，希望大家继续保持这种良好的工作状态和团队合作。如果有任何新想法或讨论的话题，我很乐意参与进来。"
2026-04-29 21:19:49,474 [INFO] src.agent.agent: Agent 3 received message from Agent 2: "大家好，在今天的观察中，办公室的氛围依然保持得不错。尽管人不多，但大家都表现得很积极。天气晴朗，希望大家继续保持这种良好的工作状态和团队合作。如果有任何新想法或讨论的话题，我很乐意参与进来。"
2026-04-29 21:19:49,475 [INFO] src.agent.agent: Agent 4 received message from Agent 2: "大家好，在今天的观察中，办公室的氛围依然保持得不错。尽管人不多，但大家都表现得很积极。天气晴朗，希望大家继续保持这种良好的工作状态和团队合作。如果有任何新想法或讨论的话题，我很乐意参与进来。"
2026-04-29 21:19:49,476 [INFO] src.simulation: Step 4: Agent 3 -> 3 nearby: "大家好，今天在main_office的观察显示，尽管人不多，但整体氛围依然保持得不错。每个人都表现得很积极，这让我感到非常欣慰。希望大家继续保持这种良好的工作状态，共同维护我们的团队精神。"
2026-04-29 21:19:49,476 [INFO] src.agent.agent: Agent 0 received message from Agent 3: "大家好，今天在main_office的观察显示，尽管人不多，但整体氛围依然保持得不错。每个人都表现得很积极，这让我感到非常欣慰。希望大家继续保持这种良好的工作状态，共同维护我们的团队精神。"
2026-04-29 21:19:49,477 [INFO] src.agent.agent: Agent 1 received message from Agent 3: "大家好，今天在main_office的观察显示，尽管人不多，但整体氛围依然保持得不错。每个人都表现得很积极，这让我感到非常欣慰。希望大家继续保持这种良好的工作状态，共同维护我们的团队精神。"
2026-04-29 21:19:49,478 [INFO] src.agent.agent: Agent 2 received message from Agent 3: "大家好，今天在main_office的观察显示，尽管人不多，但整体氛围依然保持得不错。每个人都表现得很积极，这让我感到非常欣慰。希望大家继续保持这种良好的工作状态，共同维护我们的团队精神。"
2026-04-29 21:19:49,479 [INFO] src.simulation: Step 4: Agent 4 -> 2 nearby: "大家好，我在这里观察到今天的办公氛围依然保持得很好。虽然人不多，但大家都表现得非常积极和专注。天气晴朗，希望大家继续保持这种良好的工作状态。"
2026-04-29 21:19:49,480 [INFO] src.agent.agent: Agent 1 received message from Agent 4: "大家好，我在这里观察到今天的办公氛围依然保持得很好。虽然人不多，但大家都表现得非常积极和专注。天气晴朗，希望大家继续保持这种良好的工作状态。"
2026-04-29 21:19:49,481 [INFO] src.agent.agent: Agent 2 received message from Agent 4: "大家好，我在这里观察到今天的办公氛围依然保持得很好。虽然人不多，但大家都表现得非常积极和专注。天气晴朗，希望大家继续保持这种良好的工作状态。"
2026-04-29 21:20:24,920 [INFO] src.simulation: Step 5: Agent 0 -> 2 nearby: "大家好，在今天的观察中，尽管人不多，但整体氛围依然保持得不错。每位同事都表现得很积极，这让我感到非常欣慰。希望大家继续保持这种良好的工作状态和团队合作精神，共同维护我们的办公环境。"
2026-04-29 21:20:24,920 [INFO] src.agent.agent: Agent 2 received message from Agent 0: "大家好，在今天的观察中，尽管人不多，但整体氛围依然保持得不错。每位同事都表现得很积极，这让我感到非常欣慰。希望大家继续保持这种良好的工作状态和团队合作精神，共同维护我们的办公环境。"
2026-04-29 21:20:24,921 [INFO] src.agent.agent: Agent 3 received message from Agent 0: "大家好，在今天的观察中，尽管人不多，但整体氛围依然保持得不错。每位同事都表现得很积极，这让我感到非常欣慰。希望大家继续保持这种良好的工作状态和团队合作精神，共同维护我们的办公环境。"
2026-04-29 21:20:24,922 [INFO] src.simulation: Step 5: Agent 1 -> 3 nearby: "大家好，在今天的观察中，我们办公室的氛围依然保持得不错。尽管人不多，但每个人都表现得很积极。天气晴朗，希望大家继续保持这种良好的工作状态和团队合作。如果有任何新想法或讨论的话题，我很乐意参与进来。"
2026-04-29 21:20:24,922 [INFO] src.agent.agent: Agent 2 received message from Agent 1: "大家好，在今天的观察中，我们办公室的氛围依然保持得不错。尽管人不多，但每个人都表现得很积极。天气晴朗，希望大家继续保持这种良好的工作状态和团队合作。如果有任何新想法或讨论的话题，我很乐意参与进来。"
2026-04-29 21:20:24,924 [INFO] src.agent.agent: Agent 3 received message from Agent 1: "大家好，在今天的观察中，我们办公室的氛围依然保持得不错。尽管人不多，但每个人都表现得很积极。天气晴朗，希望大家继续保持这种良好的工作状态和团队合作。如果有任何新想法或讨论的话题，我很乐意参与进来。"
2026-04-29 21:20:24,925 [INFO] src.agent.agent: Agent 4 received message from Agent 1: "大家好，在今天的观察中，我们办公室的氛围依然保持得不错。尽管人不多，但每个人都表现得很积极。天气晴朗，希望大家继续保持这种良好的工作状态和团队合作。如果有任何新想法或讨论的话题，我很乐意参与进来。"
2026-04-29 21:20:24,926 [INFO] src.simulation: Step 5: Agent 2 -> 4 nearby: "大家好，今天在main_office的观察显示，尽管人不多，但整体氛围依然保持得不错。天气晴朗，希望大家继续保持积极的工作态度和团队合作。如果有任何新想法或讨论的话题，我很乐意参与进来。"
2026-04-29 21:20:24,926 [INFO] src.agent.agent: Agent 0 received message from Agent 2: "大家好，今天在main_office的观察显示，尽管人不多，但整体氛围依然保持得不错。天气晴朗，希望大家继续保持积极的工作态度和团队合作。如果有任何新想法或讨论的话题，我很乐意参与进来。"
2026-04-29 21:20:24,927 [INFO] src.agent.agent: Agent 1 received message from Agent 2: "大家好，今天在main_office的观察显示，尽管人不多，但整体氛围依然保持得不错。天气晴朗，希望大家继续保持积极的工作态度和团队合作。如果有任何新想法或讨论的话题，我很乐意参与进来。"
2026-04-29 21:20:24,928 [INFO] src.agent.agent: Agent 3 received message from Agent 2: "大家好，今天在main_office的观察显示，尽管人不多，但整体氛围依然保持得不错。天气晴朗，希望大家继续保持积极的工作态度和团队合作。如果有任何新想法或讨论的话题，我很乐意参与进来。"
2026-04-29 21:20:24,929 [INFO] src.agent.agent: Agent 4 received message from Agent 2: "大家好，今天在main_office的观察显示，尽管人不多，但整体氛围依然保持得不错。天气晴朗，希望大家继续保持积极的工作态度和团队合作。如果有任何新想法或讨论的话题，我很乐意参与进来。"
2026-04-29 21:20:24,930 [INFO] src.simulation: Step 5: Agent 3 -> 3 nearby: "大家好，在今天的观察中，办公室的氛围依然保持得不错。尽管人不多，但大家都表现得很积极。天气晴朗，希望大家继续保持这种良好的工作状态和团队合作。如果有任何新想法或讨论的话题，我很乐意参与进来。"
2026-04-29 21:20:24,931 [INFO] src.agent.agent: Agent 0 received message from Agent 3: "大家好，在今天的观察中，办公室的氛围依然保持得不错。尽管人不多，但大家都表现得很积极。天气晴朗，希望大家继续保持这种良好的工作状态和团队合作。如果有任何新想法或讨论的话题，我很乐意参与进来。"
2026-04-29 21:20:24,931 [INFO] src.agent.agent: Agent 1 received message from Agent 3: "大家好，在今天的观察中，办公室的氛围依然保持得不错。尽管人不多，但大家都表现得很积极。天气晴朗，希望大家继续保持这种良好的工作状态和团队合作。如果有任何新想法或讨论的话题，我很乐意参与进来。"
2026-04-29 21:20:24,936 [INFO] src.agent.agent: Agent 2 received message from Agent 3: "大家好，在今天的观察中，办公室的氛围依然保持得不错。尽管人不多，但大家都表现得很积极。天气晴朗，希望大家继续保持这种良好的工作状态和团队合作。如果有任何新想法或讨论的话题，我很乐意参与进来。"
2026-04-29 21:20:24,937 [INFO] src.simulation: Step 5: Agent 4 -> 2 nearby: "大家好，在今天的观察中，main_office的整体氛围依然保持得不错。尽管人不多，但大家都表现得很积极。天气晴朗，希望大家继续保持这种良好的工作状态和团队合作。如果有任何新想法或讨论的话题，我很乐意参与进来。"
2026-04-29 21:20:24,937 [INFO] src.agent.agent: Agent 1 received message from Agent 4: "大家好，在今天的观察中，main_office的整体氛围依然保持得不错。尽管人不多，但大家都表现得很积极。天气晴朗，希望大家继续保持这种良好的工作状态和团队合作。如果有任何新想法或讨论的话题，我很乐意参与进来。"
2026-04-29 21:20:24,939 [INFO] src.agent.agent: Agent 2 received message from Agent 4: "大家好，在今天的观察中，main_office的整体氛围依然保持得不错。尽管人不多，但大家都表现得很积极。天气晴朗，希望大家继续保持这种良好的工作状态和团队合作。如果有任何新想法或讨论的话题，我很乐意参与进来。"
2026-04-29 21:20:42,563 [INFO] src.simulation: Simulation completed
2026-04-29 21:20:42,563 [INFO] root: ===== Statistics =====
2026-04-29 21:20:42,564 [INFO] root:   mean_occupancy: 1.0
2026-04-29 21:20:42,564 [INFO] root:   std_occupancy: 0.0
2026-04-29 21:20:42,564 [INFO] root:   mean_agents_in_place: 5.0
2026-04-29 21:20:42,564 [INFO] root:   max_agents_in_place: 5
2026-04-29 21:20:42,564 [INFO] root:   min_agents_in_place: 5
2026-04-29 21:20:42,564 [INFO] root:   total_steps: 5
2026-04-29 21:20:42,564 [INFO] root:   place_entry_denied_count: 0
2026-04-29 21:20:42,564 [INFO] root:   memory_evicted_count: 0
2026-04-29 21:20:42,564 [INFO] root:   memory_re_encountered_count: 0
