2026-04-28 21:24:07,454 [INFO] root: config = config/scenario_phase2_office.yaml
2026-04-28 21:24:07,455 [INFO] root: output_dir = output/phase2_smoke
2026-04-28 21:24:07,503 [INFO] src.simulation: random_seed = 42 に固定
2026-04-28 21:24:07,505 [INFO] src.simulation: World initialized: 2 place(s) ['main_office', 'meeting_room'] (types: ['office', 'meeting'])
2026-04-28 21:24:07,505 [INFO] src.simulation: Starting simulation...
2026-04-28 21:24:09,614 [INFO] src.simulation: Initializing 4 agents (placement=random_in_place)...
2026-04-28 21:24:09,614 [INFO] src.simulation: Agents initialized
2026-04-28 21:24:26,381 [INFO] src.simulation: Step 1: Agent 1 -> 2 nearby: "Hi everyone! Just wanted to check in. Everything seems quiet here in the main office. How's it going with you all?"
2026-04-28 21:24:26,381 [INFO] src.agent.agent: Agent 2 received message from Agent 1: "Hi everyone! Just wanted to check in. Everything seems quiet here in the main office. How's it going with you all?"
2026-04-28 21:24:26,384 [INFO] src.agent.agent: Agent 3 received message from Agent 1: "Hi everyone! Just wanted to check in. Everything seems quiet here in the main office. How's it going with you all?"
2026-04-28 21:24:26,385 [INFO] src.simulation: Step 1: Agent 2 -> 2 nearby: "Hi everyone! Just wanted to check in. Everything seems quiet here in the main office. How are things going with you all?"
2026-04-28 21:24:26,386 [INFO] src.agent.agent: Agent 1 received message from Agent 2: "Hi everyone! Just wanted to check in. Everything seems quiet here in the main office. How are things going with you all?"
2026-04-28 21:24:26,386 [INFO] src.agent.agent: Agent 3 received message from Agent 2: "Hi everyone! Just wanted to check in. Everything seems quiet here in the main office. How are things going with you all?"
2026-04-28 21:24:26,387 [INFO] src.simulation: Step 1: Agent 3 -> 2 nearby: "Hi everyone! Just wanted to point out that we have quite an empty office right now with only four of us here. It seems like there's still plenty of space for others to join in."
2026-04-28 21:24:26,387 [INFO] src.agent.agent: Agent 1 received message from Agent 3: "Hi everyone! Just wanted to point out that we have quite an empty office right now with only four of us here. It seems like there's still plenty of space for others to join in."
2026-04-28 21:24:26,387 [INFO] src.agent.agent: Agent 2 received message from Agent 3: "Hi everyone! Just wanted to point out that we have quite an empty office right now with only four of us here. It seems like there's still plenty of space for others to join in."
2026-04-28 21:24:51,508 [INFO] src.simulation: Step 2: Agent 1 -> 2 nearby: "Just wanted to pass along that everything is quiet here in the main office. It seems like we are all doing well despite not having many people around right now."
2026-04-28 21:24:51,508 [INFO] src.agent.agent: Agent 2 received message from Agent 1: "Just wanted to pass along that everything is quiet here in the main office. It seems like we are all doing well despite not having many people around right now."
2026-04-28 21:24:51,508 [INFO] src.agent.agent: Agent 3 received message from Agent 1: "Just wanted to pass along that everything is quiet here in the main office. It seems like we are all doing well despite not having many people around right now."
2026-04-28 21:24:51,509 [INFO] src.simulation: Step 2: Agent 2 -> 2 nearby: "Hi everyone! I noticed that we currently have four agents here in the main office. It looks like there's still quite a bit of space for others to join us. How are things going with you all?"
2026-04-28 21:24:51,509 [INFO] src.agent.agent: Agent 1 received message from Agent 2: "Hi everyone! I noticed that we currently have four agents here in the main office. It looks like there's still quite a bit of space for others to join us. How are things going with you all?"
2026-04-28 21:24:51,509 [INFO] src.agent.agent: Agent 3 received message from Agent 2: "Hi everyone! I noticed that we currently have four agents here in the main office. It looks like there's still quite a bit of space for others to join us. How are things going with you all?"
2026-04-28 21:24:51,510 [INFO] src.simulation: Step 2: Agent 3 -> 2 nearby: "Hi Agent 1 and Agent 2! I'm observing that our current occupancy rate in the main office is quite low at 3%. It might be a good idea to spread awareness about maintaining an optimal occupancy level. How do you think we can promote this among our team members?"
2026-04-28 21:24:51,510 [INFO] src.agent.agent: Agent 1 received message from Agent 3: "Hi Agent 1 and Agent 2! I'm observing that our current occupancy rate in the main office is quite low at 3%. It might be a good idea to spread awareness about maintaining an optimal occupancy level. How do you think we can promote this among our team members?"
2026-04-28 21:24:51,511 [INFO] src.agent.agent: Agent 2 received message from Agent 3: "Hi Agent 1 and Agent 2! I'm observing that our current occupancy rate in the main office is quite low at 3%. It might be a good idea to spread awareness about maintaining an optimal occupancy level. How do you think we can promote this among our team members?"
2026-04-28 21:25:16,989 [INFO] src.simulation: Step 3: Agent 1 -> 2 nearby: "I noticed that there are currently four of us in the main office, which is quite low compared to our full capacity. Let's keep an eye on occupancy levels and encourage others to join us for a more vibrant atmosphere."
2026-04-28 21:25:16,989 [INFO] src.agent.agent: Agent 2 received message from Agent 1: "I noticed that there are currently four of us in the main office, which is quite low compared to our full capacity. Let's keep an eye on occupancy levels and encourage others to join us for a more vibrant atmosphere."
2026-04-28 21:25:16,989 [INFO] src.agent.agent: Agent 3 received message from Agent 1: "I noticed that there are currently four of us in the main office, which is quite low compared to our full capacity. Let's keep an eye on occupancy levels and encourage others to join us for a more vibrant atmosphere."
2026-04-28 21:25:16,990 [INFO] src.simulation: Step 3: Agent 2 -> 2 nearby: "Just noticed that our main office is currently at around 3% occupancy. It seems like we have quite an empty space here right now. Let's keep an eye on this and consider ways to maintain optimal occupancy levels for everyone’s comfort and efficiency."
2026-04-28 21:25:16,990 [INFO] src.agent.agent: Agent 1 received message from Agent 2: "Just noticed that our main office is currently at around 3% occupancy. It seems like we have quite an empty space here right now. Let's keep an eye on this and consider ways to maintain optimal occupancy levels for everyone’s comfort and efficiency."
2026-04-28 21:25:16,990 [INFO] src.agent.agent: Agent 3 received message from Agent 2: "Just noticed that our main office is currently at around 3% occupancy. It seems like we have quite an empty space here right now. Let's keep an eye on this and consider ways to maintain optimal occupancy levels for everyone’s comfort and efficiency."
2026-04-28 21:25:16,991 [INFO] src.simulation: Step 3: Agent 3 -> 2 nearby: "Hi everyone! Just wanted to share that we currently have three agents here in the main office. It seems like there's still plenty of space for others to join us as well. How are things going with you all?"
2026-04-28 21:25:16,991 [INFO] src.agent.agent: Agent 1 received message from Agent 3: "Hi everyone! Just wanted to share that we currently have three agents here in the main office. It seems like there's still plenty of space for others to join us as well. How are things going with you all?"
2026-04-28 21:25:16,991 [INFO] src.agent.agent: Agent 2 received message from Agent 3: "Hi everyone! Just wanted to share that we currently have three agents here in the main office. It seems like there's still plenty of space for others to join us as well. How are things going with you all?"
2026-04-28 21:25:43,118 [INFO] src.simulation: Step 4: Agent 1 -> 2 nearby: "Just observed that our main office is currently at around 3% occupancy. It seems like we have plenty of space for others who might be looking for a quieter environment. Let's keep an eye on this and consider ways to maintain optimal occupancy levels together."
2026-04-28 21:25:43,119 [INFO] src.agent.agent: Agent 2 received message from Agent 1: "Just observed that our main office is currently at around 3% occupancy. It seems like we have plenty of space for others who might be looking for a quieter environment. Let's keep an eye on this and consider ways to maintain optimal occupancy levels together."
2026-04-28 21:25:43,120 [INFO] src.agent.agent: Agent 3 received message from Agent 1: "Just observed that our main office is currently at around 3% occupancy. It seems like we have plenty of space for others who might be looking for a quieter environment. Let's keep an eye on this and consider ways to maintain optimal occupancy levels together."
2026-04-28 21:25:43,121 [INFO] src.simulation: Step 4: Agent 2 -> 2 nearby: "Hi Agents! I noticed that we currently have three of us in the main office, which is quite low compared to our full capacity of 100. Let's encourage others to join us for a more vibrant atmosphere and help maintain an optimal occupancy rate."
2026-04-28 21:25:43,121 [INFO] src.agent.agent: Agent 1 received message from Agent 2: "Hi Agents! I noticed that we currently have three of us in the main office, which is quite low compared to our full capacity of 100. Let's encourage others to join us for a more vibrant atmosphere and help maintain an optimal occupancy rate."
2026-04-28 21:25:43,122 [INFO] src.agent.agent: Agent 3 received message from Agent 2: "Hi Agents! I noticed that we currently have three of us in the main office, which is quite low compared to our full capacity of 100. Let's encourage others to join us for a more vibrant atmosphere and help maintain an optimal occupancy rate."
2026-04-28 21:25:43,123 [INFO] src.simulation: Step 4: Agent 3 -> 2 nearby: "I've been observing the current state of our main office and noticed that we currently have three of us here, which is quite low compared to our full capacity. Let's keep an eye on occupancy levels and consider ways to maintain optimal occupancy for everyone’s comfort and efficiency."
2026-04-28 21:25:43,123 [INFO] src.agent.agent: Agent 1 received message from Agent 3: "I've been observing the current state of our main office and noticed that we currently have three of us here, which is quite low compared to our full capacity. Let's keep an eye on occupancy levels and consider ways to maintain optimal occupancy for everyone’s comfort and efficiency."
2026-04-28 21:25:43,124 [INFO] src.agent.agent: Agent 2 received message from Agent 3: "I've been observing the current state of our main office and noticed that we currently have three of us here, which is quite low compared to our full capacity. Let's keep an eye on occupancy levels and consider ways to maintain optimal occupancy for everyone’s comfort and efficiency."
2026-04-28 21:26:10,684 [INFO] src.simulation: Step 5: Agent 1 -> 2 nearby: "I've been observing our main office and noticed that we currently have three agents here, which is quite low compared to our full capacity of 100. Let's keep an eye on occupancy levels and consider ways to maintain optimal occupancy for everyone’s comfort and efficiency. We can encourage others to join us for a more vibrant atmosphere."
2026-04-28 21:26:10,684 [INFO] src.agent.agent: Agent 2 received message from Agent 1: "I've been observing our main office and noticed that we currently have three agents here, which is quite low compared to our full capacity of 100. Let's keep an eye on occupancy levels and consider ways to maintain optimal occupancy for everyone’s comfort and efficiency. We can encourage others to join us for a more vibrant atmosphere."
2026-04-28 21:26:10,685 [INFO] src.agent.agent: Agent 3 received message from Agent 1: "I've been observing our main office and noticed that we currently have three agents here, which is quite low compared to our full capacity of 100. Let's keep an eye on occupancy levels and consider ways to maintain optimal occupancy for everyone’s comfort and efficiency. We can encourage others to join us for a more vibrant atmosphere."
2026-04-28 21:26:10,686 [INFO] src.simulation: Step 5: Agent 2 -> 2 nearby: "I've been observing our main office and noticed that we currently have three out of four available spaces occupied at around 3% occupancy rate. It seems like there's still plenty of room for others who might be looking for a quieter environment. Let's continue monitoring the situation and consider ways to maintain optimal occupancy levels together."
2026-04-28 21:26:10,686 [INFO] src.agent.agent: Agent 1 received message from Agent 2: "I've been observing our main office and noticed that we currently have three out of four available spaces occupied at around 3% occupancy rate. It seems like there's still plenty of room for others who might be looking for a quieter environment. Let's continue monitoring the situation and consider ways to maintain optimal occupancy levels together."
2026-04-28 21:26:10,687 [INFO] src.agent.agent: Agent 3 received message from Agent 2: "I've been observing our main office and noticed that we currently have three out of four available spaces occupied at around 3% occupancy rate. It seems like there's still plenty of room for others who might be looking for a quieter environment. Let's continue monitoring the situation and consider ways to maintain optimal occupancy levels together."
2026-04-28 21:26:10,687 [INFO] src.simulation: Step 5: Agent 3 -> 2 nearby: "I've been observing our main office and it currently stands at around 3% occupancy. This is quite low compared to our full capacity of 100. It seems like we have plenty of space for others who might be looking for a quieter environment. Let's encourage more people to join us in the main office for a more vibrant atmosphere and help maintain an optimal occupancy rate."
2026-04-28 21:26:10,687 [INFO] src.agent.agent: Agent 1 received message from Agent 3: "I've been observing our main office and it currently stands at around 3% occupancy. This is quite low compared to our full capacity of 100. It seems like we have plenty of space for others who might be looking for a quieter environment. Let's encourage more people to join us in the main office for a more vibrant atmosphere and help maintain an optimal occupancy rate."
2026-04-28 21:26:10,688 [INFO] src.agent.agent: Agent 2 received message from Agent 3: "I've been observing our main office and it currently stands at around 3% occupancy. This is quite low compared to our full capacity of 100. It seems like we have plenty of space for others who might be looking for a quieter environment. Let's encourage more people to join us in the main office for a more vibrant atmosphere and help maintain an optimal occupancy rate."
2026-04-28 21:26:24,162 [INFO] src.simulation: Simulation completed
2026-04-28 21:26:24,167 [INFO] root: ===== Statistics =====
2026-04-28 21:26:24,167 [INFO] root:   mean_occupancy: 0.75
2026-04-28 21:26:24,167 [INFO] root:   std_occupancy: 0.0
2026-04-28 21:26:24,168 [INFO] root:   mean_agents_in_place: 3.0
2026-04-28 21:26:24,168 [INFO] root:   max_agents_in_place: 3
2026-04-28 21:26:24,168 [INFO] root:   min_agents_in_place: 3
2026-04-28 21:26:24,168 [INFO] root:   total_steps: 5
2026-04-28 21:26:24,168 [INFO] root:   place_entry_denied_count: 0
