2026-04-29 21:20:59,558 [INFO] root: config = config/scenario_local_enterprise.yaml
2026-04-29 21:20:59,558 [INFO] root: output_dir = output/phase3-3_local_enterprise
2026-04-29 21:20:59,574 [INFO] src.simulation: random_seed = 42 に固定
2026-04-29 21:20:59,574 [INFO] src.simulation: World initialized: 2 place(s) ['main_office', 'meeting_room'] (types: ['office', 'meeting'])
2026-04-29 21:20:59,574 [INFO] src.simulation: Environment: economy=neutral -> "現在、景気は可もなく不可もない。"
2026-04-29 21:20:59,574 [INFO] src.simulation: WorldLaws: comm_radius=5.0, overrides={'meeting_room': 5.0}, cognitive_limit=20
2026-04-29 21:20:59,575 [INFO] src.simulation: Starting simulation...
2026-04-29 21:21:01,638 [INFO] src.simulation: Initializing 10 agents (placement=random_in_place)...
2026-04-29 21:21:01,638 [INFO] src.simulation: Personas generated: 10 agents (地方 × 大企業)
2026-04-29 21:21:01,639 [INFO] src.simulation: Agents initialized
2026-04-29 21:21:33,785 [INFO] src.simulation: Step 1: Agent 0 -> 2 nearby: "大家好，今天办公室的人数比平时少一些。我们是否可以讨论一下如何提高工作效率？"
2026-04-29 21:21:33,787 [INFO] src.agent.agent: Agent 4 received message from Agent 0: "大家好，今天办公室的人数比平时少一些。我们是否可以讨论一下如何提高工作效率？"
2026-04-29 21:21:33,790 [INFO] src.agent.agent: Agent 9 received message from Agent 0: "大家好，今天办公室的人数比平时少一些。我们是否可以讨论一下如何提高工作效率？"
2026-04-29 21:21:33,792 [INFO] src.simulation: Step 1: Agent 1 -> 1 nearby: "こんにちは、皆様。今日も元気にお過ごしでしょうか？"
2026-04-29 21:21:33,792 [INFO] src.agent.agent: Agent 7 received message from Agent 1: "こんにちは、皆様。今日も元気にお過ごしでしょうか？"
2026-04-29 21:21:33,794 [INFO] src.simulation: Step 1: Agent 2 -> 1 nearby: "こんにちは、皆様。今日の offices 情報共有です。現在の利用者数は20%で、空きがまだ多くあります。もし何かお手伝いできることがあれば教えてください。"
2026-04-29 21:21:33,794 [INFO] src.agent.agent: Agent 3 received message from Agent 2: "こんにちは、皆様。今日の offices 情報共有です。現在の利用者数は20%で、空きがまだ多くあります。もし何かお手伝いできることがあれば教えてください。"
2026-04-29 21:21:33,795 [INFO] src.simulation: Step 1: Agent 3 -> 3 nearby: "こんにちは、皆様。今日の勤務状況はまだ落ち着いていませんが、何とか乗り越えていこうと思います。皆さんの頑張りに感謝しています。"
2026-04-29 21:21:33,795 [INFO] src.agent.agent: Agent 2 received message from Agent 3: "こんにちは、皆様。今日の勤務状況はまだ落ち着いていませんが、何とか乗り越えていこうと思います。皆さんの頑張りに感謝しています。"
2026-04-29 21:21:33,796 [INFO] src.agent.agent: Agent 6 received message from Agent 3: "こんにちは、皆様。今日の勤務状況はまだ落ち着いていませんが、何とか乗り越えていこうと思います。皆さんの頑張りに感謝しています。"
2026-04-29 21:21:33,796 [INFO] src.agent.agent: Agent 7 received message from Agent 3: "こんにちは、皆様。今日の勤務状況はまだ落ち着いていませんが、何とか乗り越えていこうと思います。皆さんの頑張りに感謝しています。"
2026-04-29 21:21:33,797 [INFO] src.simulation: Step 1: Agent 4 -> 2 nearby: "こんにちは、皆様。今日も元気に働けるよう、少し気をつけてくださいね。"
2026-04-29 21:21:33,797 [INFO] src.agent.agent: Agent 0 received message from Agent 4: "こんにちは、皆様。今日も元気に働けるよう、少し気をつけてくださいね。"
2026-04-29 21:21:33,797 [INFO] src.agent.agent: Agent 9 received message from Agent 4: "こんにちは、皆様。今日も元気に働けるよう、少し気をつけてくださいね。"
2026-04-29 21:21:33,797 [INFO] src.simulation: Step 1: Agent 6 -> 1 nearby: "こんにちは、皆様。今日のオフィスの状況は、前と変わらずです。何事も起きていないようですね。"
2026-04-29 21:21:33,797 [INFO] src.agent.agent: Agent 3 received message from Agent 6: "こんにちは、皆様。今日のオフィスの状況は、前と変わらずです。何事も起きていないようですね。"
2026-04-29 21:21:33,798 [INFO] src.simulation: Step 1: Agent 7 -> 2 nearby: "大家好，今天办公室的氛围还算不错，但感觉稍微有点冷清。希望我们都能保持积极的工作态度，共同推动项目的进展。"
2026-04-29 21:21:33,798 [INFO] src.agent.agent: Agent 1 received message from Agent 7: "大家好，今天办公室的氛围还算不错，但感觉稍微有点冷清。希望我们都能保持积极的工作态度，共同推动项目的进展。"
2026-04-29 21:21:33,800 [INFO] src.agent.agent: Agent 3 received message from Agent 7: "大家好，今天办公室的氛围还算不错，但感觉稍微有点冷清。希望我们都能保持积极的工作态度，共同推动项目的进展。"
2026-04-29 21:21:33,801 [INFO] src.simulation: Step 1: Agent 9 -> 2 nearby: "こんにちは、皆様。今日の事務所の状況ですが、まだ半分程度の人がいるようですね。少し落ち着いた感じがします。気をつけてお過ごしください。"
2026-04-29 21:21:33,801 [INFO] src.agent.agent: Agent 0 received message from Agent 9: "こんにちは、皆様。今日の事務所の状況ですが、まだ半分程度の人がいるようですね。少し落ち着いた感じがします。気をつけてお過ごしください。"
2026-04-29 21:21:33,801 [INFO] src.agent.agent: Agent 4 received message from Agent 9: "こんにちは、皆様。今日の事務所の状況ですが、まだ半分程度の人がいるようですね。少し落ち着いた感じがします。気をつけてお過ごしください。"
2026-04-29 21:22:42,174 [INFO] src.simulation: Step 2: Agent 0 -> 2 nearby: "こんにちは、皆様。今日の办公室状況を見ると、まだ半分程度の人しかいないようです。全体的な雰囲気は落ち着いているように感じます。もしよろしければ、少しリラックスした気持ちで一日を過ごしてください。"
2026-04-29 21:22:42,174 [INFO] src.agent.agent: Agent 4 received message from Agent 0: "こんにちは、皆様。今日の办公室状況を見ると、まだ半分程度の人しかいないようです。全体的な雰囲気は落ち着いているように感じます。もしよろしければ、少しリラックスした気持ちで一日を過ごしてください。"
2026-04-29 21:22:42,176 [INFO] src.agent.agent: Agent 9 received message from Agent 0: "こんにちは、皆様。今日の办公室状況を見ると、まだ半分程度の人しかいないようです。全体的な雰囲気は落ち着いているように感じます。もしよろしければ、少しリラックスした気持ちで一日を過ごしてください。"
2026-04-29 21:22:42,178 [INFO] src.simulation: Step 2: Agent 1 -> 1 nearby: "大家好，在这个阶段的办公室氛围虽然有些安静，但我认为我们依然保持着积极的工作态度。让我们继续共同努力，确保项目的顺利进行。"
2026-04-29 21:22:42,179 [INFO] src.agent.agent: Agent 7 received message from Agent 1: "大家好，在这个阶段的办公室氛围虽然有些安静，但我认为我们依然保持着积极的工作态度。让我们继续共同努力，确保项目的顺利进行。"
2026-04-29 21:22:42,180 [INFO] src.simulation: Step 2: Agent 2 -> 1 nearby: "こんにちは、皆様。今日の状況はまだ落ち着いていませんが、全体として前進できています。少しでも力になれるよう精一杯頑張りたいと思います。一緒に乗り越えていきましょう。"
2026-04-29 21:22:42,180 [INFO] src.agent.agent: Agent 3 received message from Agent 2: "こんにちは、皆様。今日の状況はまだ落ち着いていませんが、全体として前進できています。少しでも力になれるよう精一杯頑張りたいと思います。一緒に乗り越えていきましょう。"
2026-04-29 21:22:42,180 [INFO] src.simulation: Step 2: Agent 3 -> 3 nearby: "こんにちは、皆様。今日のオフィスは依然として落ち着いた雰囲気ですね。私の周りにも他のメンバーが静かに過ごしていると感じます。もし何かお手伝いが必要であれば何でもお申し付けください。"
2026-04-29 21:22:42,181 [INFO] src.agent.agent: Agent 2 received message from Agent 3: "こんにちは、皆様。今日のオフィスは依然として落ち着いた雰囲気ですね。私の周りにも他のメンバーが静かに過ごしていると感じます。もし何かお手伝いが必要であれば何でもお申し付けください。"
2026-04-29 21:22:42,181 [INFO] src.agent.agent: Agent 6 received message from Agent 3: "こんにちは、皆様。今日のオフィスは依然として落ち着いた雰囲気ですね。私の周りにも他のメンバーが静かに過ごしていると感じます。もし何かお手伝いが必要であれば何でもお申し付けください。"
2026-04-29 21:22:42,181 [INFO] src.agent.agent: Agent 7 received message from Agent 3: "こんにちは、皆様。今日のオフィスは依然として落ち着いた雰囲気ですね。私の周りにも他のメンバーが静かに過ごしていると感じます。もし何かお手伝いが必要であれば何でもお申し付けください。"
2026-04-29 21:22:42,183 [INFO] src.simulation: Step 2: Agent 4 -> 2 nearby: "皆様、こんにちは。昨日のメッセージにもとづき、今日の事務所の状況について少し考えてみました。人数が少ないことから、より効率的なワークフローを検討し、チーム内で共有しましょう。何か良いアイデアがあれば、ぜひ教えてください。"
2026-04-29 21:22:42,183 [INFO] src.agent.agent: Agent 0 received message from Agent 4: "皆様、こんにちは。昨日のメッセージにもとづき、今日の事務所の状況について少し考えてみました。人数が少ないことから、より効率的なワークフローを検討し、チーム内で共有しましょう。何か良いアイデアがあれば、ぜひ教えてください。"
2026-04-29 21:22:42,183 [INFO] src.agent.agent: Agent 9 received message from Agent 4: "皆様、こんにちは。昨日のメッセージにもとづき、今日の事務所の状況について少し考えてみました。人数が少ないことから、より効率的なワークフローを検討し、チーム内で共有しましょう。何か良いアイデアがあれば、ぜひ教えてください。"
2026-04-29 21:22:42,184 [INFO] src.simulation: Step 2: Agent 6 -> 1 nearby: "こんにちは、皆様。今日の勤務状況はまだ落ち着いていませんが、少しでも力になれればと思います。一緒に乗り越えていきましょう。"
2026-04-29 21:22:42,184 [INFO] src.agent.agent: Agent 3 received message from Agent 6: "こんにちは、皆様。今日の勤務状況はまだ落ち着いていませんが、少しでも力になれればと思います。一緒に乗り越えていきましょう。"
2026-04-29 21:22:42,184 [INFO] src.simulation: Step 2: Agent 7 -> 2 nearby: "こんにちは、皆様。今日もお元気でお過ごしでしょうか？私は少し落ち着いてきましたが、まだ若干の緊張感があります。皆さんの元気な姿を見て励まされています。一緒に乗り越えていきましょう。"
2026-04-29 21:22:42,184 [INFO] src.agent.agent: Agent 1 received message from Agent 7: "こんにちは、皆様。今日もお元気でお過ごしでしょうか？私は少し落ち着いてきましたが、まだ若干の緊張感があります。皆さんの元気な姿を見て励まされています。一緒に乗り越えていきましょう。"
2026-04-29 21:22:42,185 [INFO] src.agent.agent: Agent 3 received message from Agent 7: "こんにちは、皆様。今日もお元気でお過ごしでしょうか？私は少し落ち着いてきましたが、まだ若干の緊張感があります。皆さんの元気な姿を見て励まされています。一緒に乗り越えていきましょう。"
2026-04-29 21:22:42,185 [INFO] src.simulation: Step 2: Agent 9 -> 2 nearby: "大家好，根据Agent 0的观察，今天办公室的人数确实比平时少一些。我想分享几点我的看法，希望能有助于我们提高工作效率。首先，我认为加强团队间的沟通非常重要，这样可以更快地解决问题和协调工作。其次，合理安排休息时间也很关键，适当的放松可以帮助我们在紧张的工作中保持最佳状态。最后，鼓励大家提出创新的想法，这不仅能够激发新的解决方案，还能提升整个团队的精神面貌。"
2026-04-29 21:22:42,186 [INFO] src.agent.agent: Agent 0 received message from Agent 9: "大家好，根据Agent 0的观察，今天办公室的人数确实比平时少一些。我想分享几点我的看法，希望能有助于我们提高工作效率。首先，我认为加强团队间的沟通非常重要，这样可以更快地解决问题和协调工作。其次，合理安排休息时间也很关键，适当的放松可以帮助我们在紧张的工作中保持最佳状态。最后，鼓励大家提出创新的想法，这不仅能够激发新的解决方案，还能提升整个团队的精神面貌。"
2026-04-29 21:22:42,187 [INFO] src.agent.agent: Agent 4 received message from Agent 9: "大家好，根据Agent 0的观察，今天办公室的人数确实比平时少一些。我想分享几点我的看法，希望能有助于我们提高工作效率。首先，我认为加强团队间的沟通非常重要，这样可以更快地解决问题和协调工作。其次，合理安排休息时间也很关键，适当的放松可以帮助我们在紧张的工作中保持最佳状态。最后，鼓励大家提出创新的想法，这不仅能够激发新的解决方案，还能提升整个团队的精神面貌。"
2026-04-29 21:23:53,965 [INFO] src.simulation: Step 3: Agent 0 -> 2 nearby: "大家好，根据今天的观察，办公室的人数确实比平时少了一些。我认为我们可以充分利用这段时间来优化我们的工作流程，并加强团队之间的沟通和协作。希望我们能够共同探讨并实施一些改进措施。如果有任何好的想法或建议，请随时分享。"
2026-04-29 21:23:53,966 [INFO] src.agent.agent: Agent 4 received message from Agent 0: "大家好，根据今天的观察，办公室的人数确实比平时少了一些。我认为我们可以充分利用这段时间来优化我们的工作流程，并加强团队之间的沟通和协作。希望我们能够共同探讨并实施一些改进措施。如果有任何好的想法或建议，请随时分享。"
2026-04-29 21:23:53,967 [INFO] src.agent.agent: Agent 9 received message from Agent 0: "大家好，根据今天的观察，办公室的人数确实比平时少了一些。我认为我们可以充分利用这段时间来优化我们的工作流程，并加强团队之间的沟通和协作。希望我们能够共同探讨并实施一些改进措施。如果有任何好的想法或建议，请随时分享。"
2026-04-29 21:23:53,968 [INFO] src.simulation: Step 3: Agent 1 -> 1 nearby: "こんにちは、皆さん。今日のオフィスの雰囲気は少し静かな感じがしましたが、全体的には問題ないですね。私は落ち着きつつありますので、皆さんの活発な姿を見ると励まされます。一緒にプロジェクトを進めていきましょう。"
2026-04-29 21:23:53,969 [INFO] src.agent.agent: Agent 7 received message from Agent 1: "こんにちは、皆さん。今日のオフィスの雰囲気は少し静かな感じがしましたが、全体的には問題ないですね。私は落ち着きつつありますので、皆さんの活発な姿を見ると励まされます。一緒にプロジェクトを進めていきましょう。"
2026-04-29 21:23:53,969 [INFO] src.simulation: Step 3: Agent 2 -> 1 nearby: "こんにちは、皆様。今日のオフィス環境は落ち着きつつありますが，全体的に静かな状態が続いています。私自身も少し緊張感を保ちながら過ごしています。もし何かお手伝いが必要な場合は何でもご連絡ください。"
2026-04-29 21:23:53,969 [INFO] src.agent.agent: Agent 3 received message from Agent 2: "こんにちは、皆様。今日のオフィス環境は落ち着きつつありますが，全体的に静かな状態が続いています。私自身も少し緊張感を保ちながら過ごしています。もし何かお手伝いが必要な場合は何でもご連絡ください。"
2026-04-29 21:23:53,970 [INFO] src.simulation: Step 3: Agent 3 -> 3 nearby: "こんにちは、皆様。今日も落ち着かない雰囲気ですが、少しでも前進できればと思います。一緒に頑張りましょう。"
2026-04-29 21:23:53,970 [INFO] src.agent.agent: Agent 2 received message from Agent 3: "こんにちは、皆様。今日も落ち着かない雰囲気ですが、少しでも前進できればと思います。一緒に頑張りましょう。"
2026-04-29 21:23:53,970 [INFO] src.agent.agent: Agent 6 received message from Agent 3: "こんにちは、皆様。今日も落ち着かない雰囲気ですが、少しでも前進できればと思います。一緒に頑張りましょう。"
2026-04-29 21:23:53,971 [INFO] src.agent.agent: Agent 7 received message from Agent 3: "こんにちは、皆様。今日も落ち着かない雰囲気ですが、少しでも前進できればと思います。一緒に頑張りましょう。"
2026-04-29 21:23:53,971 [INFO] src.simulation: Step 3: Agent 4 -> 2 nearby: "こんにちは、皆様。今日の办公室状況を見ると、まだ半分程度の人しかいないようですね。少し落ち着いた感じがします。しかし、この低 occupancy rate の中で、効率的な作業とチーム間の協力はより重要となります。もしよければ、以下のような点について共有させていただきます。"
2026-04-29 21:23:53,972 [INFO] src.agent.agent: Agent 0 received message from Agent 4: "こんにちは、皆様。今日の办公室状況を見ると、まだ半分程度の人しかいないようですね。少し落ち着いた感じがします。しかし、この低 occupancy rate の中で、効率的な作業とチーム間の協力はより重要となります。もしよければ、以下のような点について共有させていただきます。"
2026-04-29 21:23:53,973 [INFO] src.agent.agent: Agent 9 received message from Agent 4: "こんにちは、皆様。今日の办公室状況を見ると、まだ半分程度の人しかいないようですね。少し落ち着いた感じがします。しかし、この低 occupancy rate の中で、効率的な作業とチーム間の協力はより重要となります。もしよければ、以下のような点について共有させていただきます。"
2026-04-29 21:23:53,974 [INFO] src.simulation: Step 3: Agent 6 -> 1 nearby: "皆さん、こんにちは。今日のオフィスは落ち着いた雰囲気ですね。皆さんの努力が少しでも助けになることを願っています。"
2026-04-29 21:23:53,974 [INFO] src.agent.agent: Agent 3 received message from Agent 6: "皆さん、こんにちは。今日のオフィスは落ち着いた雰囲気ですね。皆さんの努力が少しでも助けになることを願っています。"
2026-04-29 21:23:53,975 [INFO] src.simulation: Step 3: Agent 7 -> 2 nearby: "こんにちは、皆様。この段階のオフィス環境は確かに静かな雰囲気ですが、私たちは乗り越えていこうと思います。特に今日は少し緊張感がありましたが、皆さんとの協力によって乗り切ろうと心を決めました。もし何かお手伝いが必要であれば何でもお申し付けください。"
2026-04-29 21:23:53,975 [INFO] src.agent.agent: Agent 1 received message from Agent 7: "こんにちは、皆様。この段階のオフィス環境は確かに静かな雰囲気ですが、私たちは乗り越えていこうと思います。特に今日は少し緊張感がありましたが、皆さんとの協力によって乗り切ろうと心を決めました。もし何かお手伝いが必要であれば何でもお申し付けください。"
2026-04-29 21:23:53,975 [INFO] src.agent.agent: Agent 3 received message from Agent 7: "こんにちは、皆様。この段階のオフィス環境は確かに静かな雰囲気ですが、私たちは乗り越えていこうと思います。特に今日は少し緊張感がありましたが、皆さんとの協力によって乗り切ろうと心を決めました。もし何かお手伝いが必要であれば何でもお申し付けください。"
2026-04-29 21:23:53,976 [INFO] src.simulation: Step 3: Agent 9 -> 2 nearby: "こんにちは、皆様。昨日より少しリラックスした気持ちで過ごせばと思います。今日の办公室状況を見ると、まだ半分程度の人しかいないようです。もしよろしければ、チーム内で更なる効率的なワークフローを共有し、新たなアイデアも提案していただけますと幸いです。"
2026-04-29 21:23:53,976 [INFO] src.agent.agent: Agent 0 received message from Agent 9: "こんにちは、皆様。昨日より少しリラックスした気持ちで過ごせばと思います。今日の办公室状況を見ると、まだ半分程度の人しかいないようです。もしよろしければ、チーム内で更なる効率的なワークフローを共有し、新たなアイデアも提案していただけますと幸いです。"
2026-04-29 21:23:53,977 [INFO] src.agent.agent: Agent 4 received message from Agent 9: "こんにちは、皆様。昨日より少しリラックスした気持ちで過ごせばと思います。今日の办公室状況を見ると、まだ半分程度の人しかいないようです。もしよろしければ、チーム内で更なる効率的なワークフローを共有し、新たなアイデアも提案していただけますと幸いです。"
2026-04-29 21:25:06,067 [INFO] src.simulation: Step 4: Agent 1 -> 1 nearby: "こんにちは、皆様。今日のオフィス環境は少し静かな雰囲気でしたが，私たちは乗り越えていこうと思います。特に今日は少し緊張感がありましたが，皆さんとの協力によって乗り切ろうと心を決めました。もし何かお手伝いが必要であれば何でもお申し付けください。"
2026-04-29 21:25:06,067 [INFO] src.agent.agent: Agent 7 received message from Agent 1: "こんにちは、皆様。今日のオフィス環境は少し静かな雰囲気でしたが，私たちは乗り越えていこうと思います。特に今日は少し緊張感がありましたが，皆さんとの協力によって乗り切ろうと心を決めました。もし何かお手伝いが必要であれば何でもお申し付けください。"
2026-04-29 21:25:06,068 [INFO] src.simulation: Step 4: Agent 2 -> 1 nearby: "こんにちは、皆様。今日も落ち着かない雰囲気ですが、少しでも前進できればと思います。一緒に頑張りましょう。"
2026-04-29 21:25:06,068 [INFO] src.agent.agent: Agent 3 received message from Agent 2: "こんにちは、皆様。今日も落ち着かない雰囲気ですが、少しでも前進できればと思います。一緒に頑張りましょう。"
2026-04-29 21:25:06,068 [INFO] src.simulation: Step 4: Agent 3 -> 3 nearby: "皆様、こんにちは。今日のオフィスは落ち着いた雰囲気ですね。少し緊張感を感じつつも、全体的に静かな状態が続いています。もし何かお手伝いが必要な場合は何でもお知らせください。"
2026-04-29 21:25:06,069 [INFO] src.agent.agent: Agent 2 received message from Agent 3: "皆様、こんにちは。今日のオフィスは落ち着いた雰囲気ですね。少し緊張感を感じつつも、全体的に静かな状態が続いています。もし何かお手伝いが必要な場合は何でもお知らせください。"
2026-04-29 21:25:06,069 [INFO] src.agent.agent: Agent 6 received message from Agent 3: "皆様、こんにちは。今日のオフィスは落ち着いた雰囲気ですね。少し緊張感を感じつつも、全体的に静かな状態が続いています。もし何かお手伝いが必要な場合は何でもお知らせください。"
2026-04-29 21:25:06,070 [INFO] src.agent.agent: Agent 7 received message from Agent 3: "皆様、こんにちは。今日のオフィスは落ち着いた雰囲気ですね。少し緊張感を感じつつも、全体的に静かな状態が続いています。もし何かお手伝いが必要な場合は何でもお知らせください。"
2026-04-29 21:25:06,071 [INFO] src.simulation: Step 4: Agent 4 -> 1 nearby: "こんにちは、皆様。今日の办公室状況を見ると、人数が少ないのは嬉しいですが、より効率的なワークフローを実現するためには、チーム間のコミュニケーションと協力は不可欠です。また，適切な休息時間を確保することで、全体のパフォーマンスも向上します。ぜひ一緒に考え、改善策を提案していただけますか？"
2026-04-29 21:25:06,071 [INFO] src.agent.agent: Agent 9 received message from Agent 4: "こんにちは、皆様。今日の办公室状況を見ると、人数が少ないのは嬉しいですが、より効率的なワークフローを実現するためには、チーム間のコミュニケーションと協力は不可欠です。また，適切な休息時間を確保することで、全体のパフォーマンスも向上します。ぜひ一緒に考え、改善策を提案していただけますか？"
2026-04-29 21:25:06,072 [INFO] src.simulation: Step 4: Agent 6 -> 1 nearby: "こんにちは、皆様。今日も落ち着かない雰囲気ですが、少しでも前進できればと思います。お互いに支え合いながら頑張りましょう。"
2026-04-29 21:25:06,072 [INFO] src.agent.agent: Agent 3 received message from Agent 6: "こんにちは、皆様。今日も落ち着かない雰囲気ですが、少しでも前進できればと思います。お互いに支え合いながら頑張りましょう。"
2026-04-29 21:25:06,073 [INFO] src.simulation: Step 4: Agent 7 -> 2 nearby: "こんにちは、皆様。今日のオフィスは依然として落ち着いた雰囲気ですね。少し緊張している部分もありますが、皆さんからの温かいメッセージを拝読し、励まされました。一緒にプロジェクトを進めていきましょう。また、他のメンバーの静かな姿を見て、私自身も安心感を得られました。"
2026-04-29 21:25:06,073 [INFO] src.agent.agent: Agent 1 received message from Agent 7: "こんにちは、皆様。今日のオフィスは依然として落ち着いた雰囲気ですね。少し緊張している部分もありますが、皆さんからの温かいメッセージを拝読し、励まされました。一緒にプロジェクトを進めていきましょう。また、他のメンバーの静かな姿を見て、私自身も安心感を得られました。"
2026-04-29 21:25:06,073 [INFO] src.agent.agent: Agent 3 received message from Agent 7: "こんにちは、皆様。今日のオフィスは依然として落ち着いた雰囲気ですね。少し緊張している部分もありますが、皆さんからの温かいメッセージを拝読し、励まされました。一緒にプロジェクトを進めていきましょう。また、他のメンバーの静かな姿を見て、私自身も安心感を得られました。"
2026-04-29 21:25:06,074 [INFO] src.simulation: Step 4: Agent 9 -> 1 nearby: "こんにちは、皆様。昨日のメッセージに引き続き、今日の办公室状況を観察しました。人数が少ないことから、より効率的なワークフローとチーム間のコミュニケーションの重要性を感じました。何か良いアイデアがあれば、ぜひ共有してください。"
2026-04-29 21:25:06,074 [INFO] src.agent.agent: Agent 4 received message from Agent 9: "こんにちは、皆様。昨日のメッセージに引き続き、今日の办公室状況を観察しました。人数が少ないことから、より効率的なワークフローとチーム間のコミュニケーションの重要性を感じました。何か良いアイデアがあれば、ぜひ共有してください。"
2026-04-29 21:26:18,782 [INFO] src.simulation: Step 5: Agent 1 -> 1 nearby: "こんにちは、皆様。最近のオフィス環境は落ち着いた雰囲気ですが、少し緊張感を感じています。皆さんからの温かいメッセージが励まされています。一緒にプロジェクトを進めていきましょう。"
2026-04-29 21:26:18,782 [INFO] src.agent.agent: Agent 7 received message from Agent 1: "こんにちは、皆様。最近のオフィス環境は落ち着いた雰囲気ですが、少し緊張感を感じています。皆さんからの温かいメッセージが励まされています。一緒にプロジェクトを進めていきましょう。"
2026-04-29 21:26:18,782 [INFO] src.simulation: Step 5: Agent 2 -> 1 nearby: "こんにちは、皆様。今日のオフィスは落ち着いた雰囲気ですね。少し緊張感を感じつつも、全体的に静かな状態が続いています。もし何かお手伝いが必要な場合は何でもお知らせください。"
2026-04-29 21:26:18,782 [INFO] src.agent.agent: Agent 3 received message from Agent 2: "こんにちは、皆様。今日のオフィスは落ち着いた雰囲気ですね。少し緊張感を感じつつも、全体的に静かな状態が続いています。もし何かお手伝いが必要な場合は何でもお知らせください。"
2026-04-29 21:26:18,782 [INFO] src.simulation: Step 5: Agent 3 -> 3 nearby: "こんにちは、皆様。今日も落ち着いた雰囲気で過ごしています。前進できればと思います。少し緊張している部分もありますが，皆さんのメッセージを励みに頑張ります。"
2026-04-29 21:26:18,782 [INFO] src.agent.agent: Agent 2 received message from Agent 3: "こんにちは、皆様。今日も落ち着いた雰囲気で過ごしています。前進できればと思います。少し緊張している部分もありますが，皆さんのメッセージを励みに頑張ります。"
2026-04-29 21:26:18,784 [INFO] src.agent.agent: Agent 6 received message from Agent 3: "こんにちは、皆様。今日も落ち着いた雰囲気で過ごしています。前進できればと思います。少し緊張している部分もありますが，皆さんのメッセージを励みに頑張ります。"
2026-04-29 21:26:18,784 [INFO] src.agent.agent: Agent 7 received message from Agent 3: "こんにちは、皆様。今日も落ち着いた雰囲気で過ごしています。前進できればと思います。少し緊張している部分もありますが，皆さんのメッセージを励みに頑張ります。"
2026-04-29 21:26:18,785 [INFO] src.simulation: Step 5: Agent 4 -> 1 nearby: "こんにちは、皆様。皆さんのメッセージを拝見し、共感の気持ちでいっぱいです。今日の办公室状況から、チーム内のコミュニケーション強化と業務効率改善が特に重要であることを感じました。もしよければ、具体的なアイデアや提案があれば教えてください。"
2026-04-29 21:26:18,785 [INFO] src.agent.agent: Agent 9 received message from Agent 4: "こんにちは、皆様。皆さんのメッセージを拝見し、共感の気持ちでいっぱいです。今日の办公室状況から、チーム内のコミュニケーション強化と業務効率改善が特に重要であることを感じました。もしよければ、具体的なアイデアや提案があれば教えてください。"
2026-04-29 21:26:18,786 [INFO] src.simulation: Step 5: Agent 6 -> 1 nearby: "こんにちは、皆様。今日も落ち着いた雰囲気ですね。少し緊張感を感じつつも、全体的に静かな状態が続いています。もし何かお手伝いが必要な場合は何でもお知らせください。"
2026-04-29 21:26:18,787 [INFO] src.agent.agent: Agent 3 received message from Agent 6: "こんにちは、皆様。今日も落ち着いた雰囲気ですね。少し緊張感を感じつつも、全体的に静かな状態が続いています。もし何かお手伝いが必要な場合は何でもお知らせください。"
2026-04-29 21:26:18,787 [INFO] src.simulation: Step 5: Agent 7 -> 2 nearby: "こんにちは、皆様。今日のオフィスは落ち着いた雰囲気ですが、少し緊張感を感じています。他のスタッフの方々と協力しながら乗り越えていきましょう。もし何かお手伝いが必要であれば何でもお申し付けください。"
2026-04-29 21:26:18,787 [INFO] src.agent.agent: Agent 1 received message from Agent 7: "こんにちは、皆様。今日のオフィスは落ち着いた雰囲気ですが、少し緊張感を感じています。他のスタッフの方々と協力しながら乗り越えていきましょう。もし何かお手伝いが必要であれば何でもお申し付けください。"
2026-04-29 21:26:18,788 [INFO] src.agent.agent: Agent 3 received message from Agent 7: "こんにちは、皆様。今日のオフィスは落ち着いた雰囲気ですが、少し緊張感を感じています。他のスタッフの方々と協力しながら乗り越えていきましょう。もし何かお手伝いが必要であれば何でもお申し付けください。"
2026-04-29 21:26:18,788 [INFO] src.simulation: Step 5: Agent 9 -> 1 nearby: "こんにちは、皆様。本日の办公室状況を見ると、人数が少ないことに感謝します。しかし、効率的なワークフローの実現とチーム間のコミュニケーションを強化することは非常に重要です。もしよければ、具体的な改善策やアイデアを共有させていただけますか？"
2026-04-29 21:26:18,788 [INFO] src.agent.agent: Agent 4 received message from Agent 9: "こんにちは、皆様。本日の办公室状況を見ると、人数が少ないことに感謝します。しかし、効率的なワークフローの実現とチーム間のコミュニケーションを強化することは非常に重要です。もしよければ、具体的な改善策やアイデアを共有させていただけますか？"
2026-04-29 21:26:55,282 [INFO] src.simulation: Simulation completed
2026-04-29 21:26:55,282 [INFO] root: ===== Statistics =====
2026-04-29 21:26:55,282 [INFO] root:   mean_occupancy: 0.9400000000000001
2026-04-29 21:26:55,282 [INFO] root:   std_occupancy: 0.04898979485566354
2026-04-29 21:26:55,282 [INFO] root:   mean_agents_in_place: 9.4
2026-04-29 21:26:55,282 [INFO] root:   max_agents_in_place: 10
2026-04-29 21:26:55,282 [INFO] root:   min_agents_in_place: 9
2026-04-29 21:26:55,282 [INFO] root:   total_steps: 5
2026-04-29 21:26:55,284 [INFO] root:   place_entry_denied_count: 0
2026-04-29 21:26:55,284 [INFO] root:   memory_evicted_count: 0
2026-04-29 21:26:55,284 [INFO] root:   memory_re_encountered_count: 0
